2026-08-29T13:04:35.307217 | 秋天 · 每日图集 (2026-08-29) | media_id=GuGNpIePMwVvbmuSGKmnoP3FjiiVnp9Lr3ateYdSsum6LwCNMTIbbSorerZebm92 | 图9张 | 13:04
2026-08-29T13:12:27.262857 | 秋天 · 每日图集 (2026-08-29) | 素材9张 | media_ids=GuGNpIePMwVvbmuSGKmnoKc8yEpmRC_VB6zrC_iUeMdP9OTnCVbShMC-3TYJAcRt,GuGNpIePMwVvbmuSGKmnoOpfdAYX2Rm_vfXq84b24KVA1KrYY1_vN8pEXdQRtVka,GuGNpIePMwVvbmuSGKmnoBTNFk4Fu9RzlApxBHS9s6awfy5_-dDkmtIGNfFfbXRJ...
2026-08-29T13:19:19.032299 | 秋天 · 每日图集 (2026-08-29) | 素材9张 | 草稿media_id=GuGNpIePMwVvbmuSGKmnoO2qp1FkeAWVLDOsy4x1eHALiEiV3Dq1Gbqa8galfHSC
2026-08-29T13:24:49.737361 | 秋天 · 每日图集 (2026-08-29) | 素材9张 | 草稿media_id=GuGNpIePMwVvbmuSGKmnoJSR1zE1pfz0AAOrphjJZ7fMgC_coLXsAsLOU_AIgzfb
2026-08-29T14:06:09.908198 | 湖泊 · 每日图集 (2026-08-29) | 素材9张 | 草稿media_id=GuGNpIePMwVvbmuSGKmnoIHFYpHaQE0TvGSDXMeLKr0sRX7l4cvxiv6wf5O9rSB9
2026-08-29T15:04:58.576859 | 秋天 · 每日图集 (2026-08-29) | 素材9张 | 草稿media_id=GuGNpIePMwVvbmuSGKmnoFF2fm6P9K6QfYXM1PuYa6reuBxVbLa0LW0_hI173r3w
2026-08-29T16:09:46.919328 | 春天 · 每日图集 (2026-08-29 16:09) | 素材9张 | 草稿media_id=GuGNpIePMwVvbmuSGKmnoHayzgINafMgp7VR7plsZModi36SKE1HLdENRFg1lOAk
2026-08-29T17:05:59.527902 | 秋天 · 每日图集 (2026-08-29 17:05) | 素材9张 | 草稿media_id=GuGNpIePMwVvbmuSGKmnoEmkEazWEtigYCmql8PI4h6_ns_wRSE-fqtB4g7f6lyh
2026-08-29T18:08:24.062498 | 山川 · 每日图集 (2026-08-29 18:08) | 素材9张 | 草稿media_id=GuGNpIePMwVvbmuSGKmnoMpFwhOK55Y0pGr36BUo0dOHslnbDfU2R0IQH4csnq6p
2026-08-29T19:05:10.907538 | 沙漠 · 每日图集 (2026-08-29 19:05) | 素材9张 | 草稿media_id=GuGNpIePMwVvbmuSGKmnoEoj-P76yLOYUqYHBuhYejQsTXhefNTG99tiZwy54Pwy
2026-08-29T20:08:56.075645 | 森林 · 每日图集 (2026-08-29 20:08) | 素材9张 | 草稿media_id=GuGNpIePMwVvbmuSGKmnoGik9SsypFilyBcWKS4NrKdbLQMiM0NOOrL34DUsxg-K
2026-08-29T21:04:58.142945 | 雪景 · 每日图集 (2026-08-29 21:04) | 素材9张 | 草稿media_id=GuGNpIePMwVvbmuSGKmnoMBGtKTaQOUtBFN6LAxfbn18EzaJFMRPS535IJaML_Fh
2026-08-29T22:05:03.397479 | 溪流 · 每日图集 (2026-08-29 22:04) | 素材9张 | 草稿media_id=GuGNpIePMwVvbmuSGKmnoOw6FM2imZpDEJk4DlXHuHEjPfox-i8T16qC2f4CvnaN
2026-08-29T23:04:53.555437 | 城市夜景 · 每日图集 (2026-08-29 23:04) | 素材9张 | 草稿media_id=GuGNpIePMwVvbmuSGKmnoHtY6X6e-_LUk9ewyMGYFqbVNW8XdflITsvF6BdS1yzt
2026-08-30T00:05:09.080541 | 日出 · 每日图集 (2026-08-30 00:05) | 素材9张 | 草稿media_id=GuGNpIePMwVvbmuSGKmnoExp77-QMOaH23bG3756fHB7m2zlxRNyW1f2ywpQpBmf
2026-08-30T01:04:53.543027 | 夏日 · 每日图集 (2026-08-30 01:04) | 素材9张 | 草稿media_id=GuGNpIePMwVvbmuSGKmnoBp8a8TV3e4Xbnj07kkHmnDnumnHtDnmQWuXbORYprka
2026-08-30T02:04:50.778284 | 花朵 · 每日图集 (2026-08-30 02:04) | 素材9张 | 草稿media_id=GuGNpIePMwVvbmuSGKmnoHSHcyJTreOn7AomxVKV319OTzj4tAqqKWj48aDv9Jgb
2026-08-30T03:05:04.551962 | 雪景 · 每日图集 (2026-08-30 03:05) | 素材9张 | 草稿media_id=GuGNpIePMwVvbmuSGKmnoFJiy_AxRKo0Iq_7gYTePP-iCcig0PGZ7L1Pgr4-3kcs
2026-08-30T04:05:01.773921 | 湖泊 · 每日图集 (2026-08-30 04:04) | 素材9张 | 草稿media_id=GuGNpIePMwVvbmuSGKmnoGpz7UXj-yM3WssduLmmxUAKTYOPe5Ow-xXJtzGzBnZ3
2026-08-30T05:05:07.933991 | 森林 · 每日图集 (2026-08-30 05:05) | 素材9张 | 草稿media_id=GuGNpIePMwVvbmuSGKmnoO-xbJbg1mwfiGID3z49VkA_AsCqiJDfN-pFbUmjALc0
2026-08-30T06:04:42.765672 | 云海 · 每日图集 (2026-08-30 06:04) | 素材9张 | 草稿media_id=GuGNpIePMwVvbmuSGKmnoMTykDp4g9zB0L79up1oQx9b7S3hOS4HuSYkwzQObdRE
2026-08-30T07:04:41.866950 | 极光 · 每日图集 (2026-08-30 07:04) | 素材9张 | 草稿media_id=GuGNpIePMwVvbmuSGKmnoCEkfDuxxjw_qRxdCqmJyj_UlXjHoanwN9gCYYxRGhCz
2026-08-30T08:05:18.741602 | 秋天 · 每日图集 (2026-08-30 08:05) | 素材9张 | 草稿media_id=GuGNpIePMwVvbmuSGKmnoEodS7uNmHKlA71bh_HR-eKL-6WXs6N5exT3dAPudm0-
2026-08-30T09:04:46.936520 | 大海 · 每日图集 (2026-08-30 09:04) | 素材9张 | 草稿media_id=GuGNpIePMwVvbmuSGKmnoMjM8mPuj_LjLw8vtUR9ppQUjTbhwYuU7QJgR_vMGkL8
2026-08-30T10:05:19.475218 | 春天 · 每日图集 (2026-08-30 10:05) | 素材9张 | 草稿media_id=GuGNpIePMwVvbmuSGKmnoGboKQVH-lO7lwqzdE2G88XRJGUDawfQEJq0bKErT4l4
2026-08-30T11:05:16.824877 | 山川 · 每日图集 (2026-08-30 11:05) | 素材9张 | 草稿media_id=GuGNpIePMwVvbmuSGKmnoIaZhBxw8hT814i4swvl6-SLnhGG4hfUPxuBTZ5FeisP
2026-08-30T12:05:19.796967 | 溪流 · 每日图集 (2026-08-30 12:05) | 素材9张 | 草稿media_id=GuGNpIePMwVvbmuSGKmnoL_WP03WeiyZE4J7_cCRfzhqWLBCUwEf7HNoIKdvfnq7
2026-08-30T13:04:48.317109 | 黄昏 · 每日图集 (2026-08-30 13:04) | 素材9张 | 草稿media_id=GuGNpIePMwVvbmuSGKmnoNNI5RX_CUmRDy4MBlajU61MRcX9Uw8VNzR6wtYahlov
2026-08-30T14:04:51.263863 | 星空 · 每日图集 (2026-08-30 14:04) | 素材9张 | 草稿media_id=GuGNpIePMwVvbmuSGKmnoL9LXO2jWK09UL64Xok3G8ZcH1d3TairR-jcaqDlLlwI
2026-08-30T15:05:39.385415 | 城市夜景 · 每日图集 (2026-08-30 15:05) | 素材9张 | 草稿media_id=GuGNpIePMwVvbmuSGKmnoF-byR8la5Zydx_Rw4dsbHbfQWKmKHUBoP4bR01kZcmX
2026-08-30T16:05:10.964121 | 沙漠 · 每日图集 (2026-08-30 16:05) | 素材9张 | 草稿media_id=GuGNpIePMwVvbmuSGKmnoP0PhOJxcHdEy4C0V73AJO0NktucIUc56N88_lPmdLt4
2026-08-30T17:05:06.613004 | 极光 · 每日图集 (2026-08-30 17:05) | 素材9张 | 草稿media_id=GuGNpIePMwVvbmuSGKmnoF0CHWfQPIqjGLbT-OrfJMAD9I4j0MEUILshcVlFSbls
2026-08-30T18:05:30.412842 | 极光 · 每日图集 (2026-08-30 18:05) | 素材9张 | 草稿media_id=GuGNpIePMwVvbmuSGKmnoKUqZcSfZq0Yj992uVuNkF2XkwDNp3h6Ev4bGlLYyUdL
2026-08-30T19:05:11.660768 | 大海 · 每日图集 (2026-08-30 19:05) | 素材9张 | 草稿media_id=GuGNpIePMwVvbmuSGKmnoM2y6Nw5mduOIvO05bJ2GOA5CE7Kk3Y475I75kD3wbJ2
2026-08-30T20:05:37.692815 | 大海 · 每日图集 (2026-08-30 20:05) | 素材9张 | 草稿media_id=GuGNpIePMwVvbmuSGKmnoLd5L-0dWWquMtWprE-Kllf1WesvfvueBtNSPLx8XFax
2026-08-30T21:05:38.892007 | 秋天 · 每日图集 (2026-08-30 21:05) | 素材9张 | 草稿media_id=GuGNpIePMwVvbmuSGKmnoBd0kqyf9SIkU6vh9Yy_kdGlSHqZUwjRwT2LQyEq5oDL
2026-08-30T22:06:01.701998 | 湖泊 · 每日图集 (2026-08-30 22:05) | 素材9张 | 草稿media_id=GuGNpIePMwVvbmuSGKmnoIDFSZYhwGEI2bAdG4ED5b-5ey-pRGsnfjTSzeQO6Lgs
2026-08-30T23:06:13.171391 | 雪景 · 每日图集 (2026-08-30 23:06) | 素材9张 | 草稿media_id=GuGNpIePMwVvbmuSGKmnoGJZpp-tUQrz2um7KOBS_ajqH6xpElsHI1ZocQWMlF5A
2026-08-31T00:06:05.240417 | 秋天 · 每日图集 (2026-08-31 00:06) | 素材6张 | 草稿media_id=GuGNpIePMwVvbmuSGKmnoK1v1glAUNS5Q5jET31o_CBgqGOkpP9dc5EVmURPmy7K
2026-08-31T01:05:50.834001 | 春天 · 每日图集 (2026-08-31 01:05) | 素材9张 | 草稿media_id=GuGNpIePMwVvbmuSGKmnoKSY_u5SbbnKRYgGNNcBJIdA6qnTVYQ7vMMxXn5VrtXy
2026-08-31T02:05:27.548630 | 森林 · 每日图集 (2026-08-31 02:05) | 素材9张 | 草稿media_id=GuGNpIePMwVvbmuSGKmnoGI9mL1JtcI303goSHCE2QaA7e8BtXgQ1K0q9Csm_MCi
2026-08-31T03:05:10.655113 | 沙漠 · 每日图集 (2026-08-31 03:05) | 素材9张 | 草稿media_id=GuGNpIePMwVvbmuSGKmnoOtZg6y5bCCFnhaK3eZqEV_gO7HEgTIckK1ljBzkYIoI
2026-08-31T04:05:26.133969 | 大海 · 每日图集 (2026-08-31 04:05) | 素材9张 | 草稿media_id=GuGNpIePMwVvbmuSGKmnoB2Hgp22vFZ1ZpMaDZ9QuFzb3nvhLL0fJMx6af8taNLF
2026-08-31T05:05:26.467958 | 雪景 · 每日图集 (2026-08-31 05:05) | 素材8张 | 草稿media_id=GuGNpIePMwVvbmuSGKmnoEuqiGcducpUb1PaODZqOo721YUrOtDS_cU9e2J9zTbZ
2026-08-31T06:04:56.825296 | 日出 · 每日图集 (2026-08-31 06:04) | 素材9张 | 草稿media_id=GuGNpIePMwVvbmuSGKmnoBPnOhT27zISetxgZ7oCJ8TcB8__7Jk0Pj-NTnDgwOfx
2026-08-31T07:04:55.030121 | 黄昏 · 每日图集 (2026-08-31 07:04) | 素材9张 | 草稿media_id=GuGNpIePMwVvbmuSGKmnoKGDb0gyZ2Ed_CXMGXFqLnlngqsAOCASazMZdFk5VTc9
2026-08-31T08:05:23.769711 | 溪流 · 每日图集 (2026-08-31 08:05) | 素材9张 | 草稿media_id=GuGNpIePMwVvbmuSGKmnoI9mgUwf7Ggkpec7drLMC_o8vhCjKaVFQr-YGfkjFlyW
2026-08-31T09:05:15.679958 | 极光 · 每日图集 (2026-08-31 09:05) | 素材8张 | 草稿media_id=GuGNpIePMwVvbmuSGKmnoKR78uLwbXG956gCSVd9UYsh_Opux8oKKj5OY4ERVBcY
2026-08-31T10:05:04.767362 | 夏日 · 每日图集 (2026-08-31 10:05) | 素材9张 | 草稿media_id=GuGNpIePMwVvbmuSGKmnoJ47BhKP9jQ4xmbK5_Q6FAXmbNXxUxxMvpz3uBqUZzD0
2026-08-31T11:05:30.438623 | 城市夜景 · 每日图集 (2026-08-31 11:05) | 素材9张 | 草稿media_id=GuGNpIePMwVvbmuSGKmnoLP3mV-8h63iRyLEJzHzjNQhk5MjONpCxvxhLqVfiAy-
2026-08-31T12:05:27.907504 | 山川 · 每日图集 (2026-08-31 12:05) | 素材9张 | 草稿media_id=GuGNpIePMwVvbmuSGKmnoIakeqiat-MNIAVd26pfbUVQm-pQpY6CVw-mj4eUlblA
2026-08-31T13:05:05.384970 | 云海 · 每日图集 (2026-08-31 13:05) | 素材9张 | 草稿media_id=GuGNpIePMwVvbmuSGKmnoALyHlodwLTL-Rd6EPPVvH-DXYwJwcTteDXDpIuY8N_u
2026-08-31T14:05:13.181677 | 星空 · 每日图集 (2026-08-31 14:05) | 素材9张 | 草稿media_id=GuGNpIePMwVvbmuSGKmnoBpYZwoQ-CT5yb8ylhuYXQI2vn7kUfQvERNaqkKBz4QL
2026-08-31T15:05:55.957647 | 湖泊 · 每日图集 (2026-08-31 15:05) | 素材8张 | 草稿media_id=GuGNpIePMwVvbmuSGKmnoPjqnar0GdlTfON0dyI7w40kvlNcRlbJeVs90pwA4g5C
2026-08-31T16:05:20.094963 | 花朵 · 每日图集 (2026-08-31 16:05) | 素材9张 | 草稿media_id=GuGNpIePMwVvbmuSGKmnoG7PZb_3bELgpNfmjTNCKzb9GrfuNBXiGCWYoD1AT9aw
2026-08-31T17:06:23.634708 | 溪流 · 每日图集 (2026-08-31 17:06) | 素材9张 | 草稿media_id=GuGNpIePMwVvbmuSGKmnoI5q4_0qPKGQ1MysLyKLE_zN1yn9076g_rvERZb_S87b
2026-08-31T18:05:29.186391 | 城市夜景 · 每日图集 (2026-08-31 18:05) | 素材7张 | 草稿media_id=GuGNpIePMwVvbmuSGKmnoCEThyn_N6sBCQRK_ia67Pi79h_wnDhamkY3aP7yThOs
2026-08-31T20:05:26.528777 | 日出 · 每日图集 (2026-08-31 20:05) | 素材9张 | 草稿media_id=GuGNpIePMwVvbmuSGKmnoFmGOOmx-t2tLC7G2dzLSof5QM7HhqMAmmNuttvvci-U
2026-08-31T21:05:18.382087 | 云海 · 每日图集 (2026-08-31 21:05) | 素材9张 | 草稿media_id=GuGNpIePMwVvbmuSGKmnoJX0Rx2GOyNG66ydMdXpaY6OmwYjAfO1Z8MQ_6uGXFDs
2026-08-31T22:06:28.168017 | 雪景 · 每日图集 (2026-08-31 22:06) | 素材5张 | 草稿media_id=GuGNpIePMwVvbmuSGKmnoLVOJZPIfR1CohIvsbp1oNSCSBPvdTsKl1Y4zHA-hF9K
2026-09-01T00:06:18.755142 | 沙漠 · 每日图集 (2026-09-01 00:06) | 素材9张 | 草稿media_id=GuGNpIePMwVvbmuSGKmnoLEdOCD9sbCRDPAdUrKVa-0dDmkji9LydaTxYXOVyD1v
2026-09-01T00:34:57.370941 | 跑车 · 每日图集 (2026-09-01 00:34) | 素材9张 | 草稿media_id=GuGNpIePMwVvbmuSGKmnoFtn55jPv8C1l2BQudPJcZ5KI2e37u-uPNvOos0xbr41
2026-09-01T01:04:53.362984 | 吊桥 · 每日图集 (2026-09-01 01:04) | 素材9张 | 草稿media_id=GuGNpIePMwVvbmuSGKmnoOr-BhnBady94KPyLikIu7BBhs_ONOEwOkRn6sD7SoCq
2026-09-01T02:04:55.307795 | 图书馆 · 每日图集 (2026-09-01 02:04) | 素材9张 | 草稿media_id=GuGNpIePMwVvbmuSGKmnoPkAJEVtU2DqnYkFF5CDf2GM06jfoCkUVQZHPlfnsu1W
2026-09-01T03:04:48.840602 | 卡车 · 每日图集 (2026-09-01 03:04) | 素材9张 | 草稿media_id=GuGNpIePMwVvbmuSGKmnoKT8_OokcqQbix3BDcGitEaQtD4iZ-qjyznlk23vjwFf
2026-09-01T04:04:52.799511 | 桥梁 · 每日图集 (2026-09-01 04:04) | 素材9张 | 草稿media_id=GuGNpIePMwVvbmuSGKmnoHLWfwdMU_6MkIJYAbznjhjyO-mAtF_mPNpgcc5LemGt
2026-09-01T05:04:49.296309 | 滑雪 · 每日图集 (2026-09-01 05:04) | 素材9张 | 草稿media_id=GuGNpIePMwVvbmuSGKmnoCptSQE17KDVLDjrv4hhFFn0RjwF73qJx8s9I1bPet9M
2026-09-01T06:04:50.245487 | 古建筑 · 每日图集 (2026-09-01 06:04) | 素材9张 | 草稿media_id=GuGNpIePMwVvbmuSGKmnoP12lcWQxwx7YkiHdlb-zxpUS7qdb6XePSey7eUTCZuI
2026-09-01T07:04:42.661873 | 寿司 · 每日图集 (2026-09-01 07:04) | 素材9张 | 草稿media_id=GuGNpIePMwVvbmuSGKmnoBg4HSjrKgJX1V1hgmvL9rskQMAfufLEwU-uy3z5Cahy
2026-09-01T09:04:48.665644 | 羊驼 · 每日图集 (2026-09-01 09:04) | 素材9张 | 草稿media_id=GuGNpIePMwVvbmuSGKmnoOGZccMyygrCcigKx3wdGATjjvWInlBO2IQpotdBmNx5
2026-09-01T10:04:49.193510 | 阅读 · 每日图集 (2026-09-01 10:04) | 素材9张 | 草稿media_id=GuGNpIePMwVvbmuSGKmnoKrZ7sBrNboUipKznxYoEqPO9ErGGrBI79eBPCv7jDOp
2026-09-01T11:04:42.393283 | 热气球 · 每日图集 (2026-09-01 11:04) | 素材9张 | 草稿media_id=GuGNpIePMwVvbmuSGKmnoFsr19RsWgMvzB-FCCO5LRXe-EaVnLZoebbEivIEiBIv
2026-09-01T12:04:51.557411 | 现代建筑 · 每日图集 (2026-09-01 12:04) | 素材9张 | 草稿media_id=GuGNpIePMwVvbmuSGKmnoI_nhdqAzIuNK1k4P7AjhUk0osqryBAULKEe46Vsbo85
2026-09-01T13:04:50.918563 | 帆船 · 每日图集 (2026-09-01 13:04) | 素材9张 | 草稿media_id=GuGNpIePMwVvbmuSGKmnoD6XfnMyt3nq6C3XbD-3-C4BvRohsg5ZoVwOftp8alU2
2026-09-01T14:04:55.583473 | 高楼窗景 · 每日图集 (2026-09-01 14:04) | 素材9张 | 草稿media_id=GuGNpIePMwVvbmuSGKmnoHVYYGR3JgIvGUORQLyKAUhJ6gDJSgfzMzPDQdtmgGdX
2026-09-01T15:04:55.096253 | 书店 · 每日图集 (2026-09-01) | 素材9张 | 草稿media_id=GuGNpIePMwVvbmuSGKmnoPQGFYYvmWW3wAr6xECrl4yFY83Z8R70JOmM-SgNNQ0D
2026-09-01T16:04:53.315591 | 夜景人像 · 每日图集 (2026-09-01) | 素材9张 | 草稿media_id=GuGNpIePMwVvbmuSGKmnoK7j6re_Tavz9cO549iRmsHFkZVCqjRpwxTxVV9qLowm
2026-09-01T17:04:55.858604 | 鲸鱼 · 每日图集 (2026-09-01) | 素材9张 | 草稿media_id=GuGNpIePMwVvbmuSGKmnoNbuxkxdRDSD62QXn8EvIbb8JqcZieLeGoIkX9QyzHWn
2026-09-01T18:04:58.981749 | 火车 · 每日图集 (2026-09-01) | 素材9张 | 草稿media_id=GuGNpIePMwVvbmuSGKmnoCcZXH4PXbGosL6poOObP03V9u8QHY8NefAbO1YrnDH6
2026-09-01T19:05:59.920384 | 森林 · 每日图集 (2026-09-01) | 素材8张 | 草稿media_id=GuGNpIePMwVvbmuSGKmnoNosR6mwOEsIRKh1PEE5xKe6S-dZQt0_a2d8tAsyY6_d
2026-09-01T20:05:00.860454 | 帐篷露营 · 每日图集 (2026-09-01) | 素材9张 | 草稿media_id=GuGNpIePMwVvbmuSGKmnoHfBl-PbKfn170nem45NhdmtDgK-qnyR91rFy-3fhCxr
2026-09-01T21:04:57.195579 | 茶室 · 每日图集 (2026-09-01) | 素材9张 | 草稿media_id=GuGNpIePMwVvbmuSGKmnoOZMlX42dZjuty7VKcs7Ks82q0g08_Z1ixxAEtJ5EuOi
2026-09-01T22:05:10.467440 | 狮子 · 每日图集 (2026-09-01) | 素材9张 | 草稿media_id=GuGNpIePMwVvbmuSGKmnoATJidsVbc6FWuBmORN9WcDDkCdHmcyQYcHuJkKQr2Qb
2026-09-01T23:04:57.050971 | 赛车 · 每日图集 (2026-09-01) | 素材9张 | 草稿media_id=GuGNpIePMwVvbmuSGKmnoAxX4pE7Twj0v_er3nVoNaD1h8JEBbFCHjIHWS_VldZX
2026-09-02T00:04:45.460946 | 鸟类 · 每日图集 (2026-09-02) | 素材9张 | 草稿media_id=GuGNpIePMwVvbmuSGKmnoJ2SMbN-SFNaT_Y9VgZPo2eMfSXXxOw7V5w-BpSWJIfa
2026-09-02T01:05:18.656514 | 火车 · 每日图集 (2026-09-02) | 素材9张 | 草稿media_id=GuGNpIePMwVvbmuSGKmnoNWyEJ_gozOaYxCrWW5pxJhMPNvFlhlGkgB7VUIcc8De
2026-09-02T02:05:08.514981 | 黄昏 · 每日图集 (2026-09-02) | 素材9张 | 草稿media_id=GuGNpIePMwVvbmuSGKmnoMc4JS14bLUgMFgA9U4k-RzsxHR4vfvtoK7rPuqEkVTa
2026-09-02T03:04:49.202933 | 海滩日光浴 · 每日图集 (2026-09-02) | 素材9张 | 草稿media_id=GuGNpIePMwVvbmuSGKmnoPJJHNeGYPU2_ulfK4ym3IjqN1V7HzeiWUYzUZU8Mx4M
2026-09-02T04:04:52.984669 | 城堡 · 每日图集 (2026-09-02) | 素材9张 | 草稿media_id=GuGNpIePMwVvbmuSGKmnoAWrpdcp-7k9GYb7zuy9UofLjUCqAJcub5wsppxAeZ1m
2026-09-02T06:04:48.603480 | 轮船 · 每日图集 (2026-09-02) | 素材9张 | 草稿media_id=GuGNpIePMwVvbmuSGKmnoJx7OY4zok2d0MAAbkvkIibKP-oeGa4iXnejLGUjoPfp
2026-09-02T07:04:52.525544 | 庭院 · 每日图集 (2026-09-02) | 素材9张 | 草稿media_id=GuGNpIePMwVvbmuSGKmnoFwvhwDDIOVB8YGzg8PXUcGyuoC-WiKfPLKN8yHVBYJx
2026-09-02T08:09:48.758653 | 茶 · 每日图集 (2026-09-02) | 素材9张 | 草稿media_id=GuGNpIePMwVvbmuSGKmnoGmKPt-NHkMWBPn9ZG4t3X7I8r21N1keKVWwVt4Uaz22
2026-09-02T09:16:30.412321 | 直升机 · 每日图集 (2026-09-02) | 素材9张 | 草稿media_id=GuGNpIePMwVvbmuSGKmnoD1CbLBU35aZd1c3_J1FFo6BNnIYzsyN0hjXwpkdQguG
2026-09-02T10:08:45.178536 | 威尼斯 · 每日图集 (2026-09-02) | 素材9张 | 草稿media_id=GuGNpIePMwVvbmuSGKmnoDkBhEzW2fGgIIJgRYZNuYsxz8hT51U4lqNXyBGUtpqb
2026-09-02T11:05:20.077765 | 高楼窗景 · 每日图集 (2026-09-02) | 素材9张 | 草稿media_id=GuGNpIePMwVvbmuSGKmnoKnBjbX1XtgkUrFNMRWFusPUzghp8s6MT2r0LCXh0FhL
2026-09-02T12:11:52.989398 | 长城 · 每日图集 (2026-09-02) | 素材9张 | 草稿media_id=GuGNpIePMwVvbmuSGKmnoKVzt4-upstUeEGNdfqhysIRCeAMbuGM_npMtjJkLsYs
2026-09-02T13:04:56.915122 | 老虎 · 每日图集 (2026-09-02) | 素材9张 | 草稿media_id=GuGNpIePMwVvbmuSGKmnoAYInmFr4vRB9Vqp12wnPLhsziYDEqB26onjiT1VOMfB
2026-09-02T14:15:02.698431 | 敦煌莫高窟 · 每日图集 (2026-09-02) | 素材9张 | 草稿media_id=GuGNpIePMwVvbmuSGKmnoMIGfI6esEUmPlwM0PX-qSTdVLxmGBTrHt__AovG1oQz
2026-09-02T15:05:34.844198 | 图书馆 · 每日图集 (2026-09-02) | 素材9张 | 草稿media_id=GuGNpIePMwVvbmuSGKmnoIxG29TxmZ_jhCunf0yAfm6To9lBE5erJXuf7Ptrt2a_
2026-09-02T16:20:25.912327 | 雨天街道 · 每日图集 (2026-09-02) | 素材9张 | 草稿media_id=GuGNpIePMwVvbmuSGKmnoN0OEPlG9F0KlKVebqtE8s31ipVW00lSCn4tKexFI_3y
2026-09-02T17:05:15.328802 | 跑车 · 每日图集 (2026-09-02) | 素材9张 | 草稿media_id=GuGNpIePMwVvbmuSGKmnoF3yiC1FU-m7VK773InyTgDl5aiJc295GH6MyQVm92gZ
2026-09-02T18:09:56.557476 | 羊驼 · 每日图集 (2026-09-02) | 素材9张 | 草稿media_id=GuGNpIePMwVvbmuSGKmnoB2ddMSkFpivWRxG6PCizx1PxETnjYY-tqiVEDr0Xn2q
2026-09-02T19:04:51.350368 | 自由女神 · 每日图集 (2026-09-02) | 素材9张 | 草稿media_id=GuGNpIePMwVvbmuSGKmnoMdXdc7XajZQB9YYTdufJkI8HdWwMoemdJZqsV0Ira_O
2026-09-02T20:11:06.785731 | 云海 · 每日图集 (2026-09-02) | 素材9张 | 草稿media_id=GuGNpIePMwVvbmuSGKmnoDRZlaua-O9X4VSRmG9vVrFOkj3JPdKIu2nXzP3nCUY2
2026-09-02T21:05:13.526703 | 摩托车 · 每日图集 (2026-09-02) | 素材9张 | 草稿media_id=GuGNpIePMwVvbmuSGKmnoK-oIRSKpveUg7eRVtZXi7Ov2C29v7cXjOvJ1NpoTNkf
2026-09-02T22:05:00.478358 | 天坛 · 每日图集 (2026-09-02) | 素材9张 | 草稿media_id=GuGNpIePMwVvbmuSGKmnoIhWoH96FBXcBZk4Tg0uVCGYnjXp8G7YtFlPXZ6K_Kx6
2026-09-02T23:04:59.054447 | 长颈鹿 · 每日图集 (2026-09-02) | 素材9张 | 草稿media_id=GuGNpIePMwVvbmuSGKmnoOwJY6XYGdpGlXvDp4-NIt8PdsNRaCtZePaf7hmCV1jc
2026-09-03T00:05:23.254837 | 城堡 · 每日图集 (2026-09-03) | 素材9张 | 草稿media_id=GuGNpIePMwVvbmuSGKmnoERI5TOqTisrNvyXpHo42D7QnMX-ReE9l4St8hHRh9k1
2026-09-03T01:05:12.350655 | 鲸鱼 · 每日图集 (2026-09-03) | 素材9张 | 草稿media_id=GuGNpIePMwVvbmuSGKmnoO92HcXZ0bHDjRCBQh2i4ne1qmrl5L6khOwqNl0kHGs5
2026-09-03T02:05:21.163208 | 黄昏 · 每日图集 (2026-09-03) | 素材9张 | 草稿media_id=GuGNpIePMwVvbmuSGKmnoPLBJXnwT81RV78L-kV83divZ8YAFsMifbFQBUO8PENR
2026-09-03T03:05:13.476350 | 庭院 · 每日图集 (2026-09-03) | 素材9张 | 草稿media_id=GuGNpIePMwVvbmuSGKmnoDyNkTV01_Co2NvRZMx3XCmxLdek0DDsvDyYGzzhppTy
2026-09-03T04:04:50.770611 | 云南洱海 · 每日图集 (2026-09-03) | 素材9张 | 草稿media_id=GuGNpIePMwVvbmuSGKmnoF8BggDmi4ErhodX6JwGwr4iDGf9rxTHTuIc0TJQbixk
2026-09-03T05:04:47.753725 | 狗狗 · 每日图集 (2026-09-03) | 素材9张 | 草稿media_id=GuGNpIePMwVvbmuSGKmnoG8T-c1ZF7Lz_zkrUTlw4nQhdV8ZXVd2SuWGeguA2ykW
2026-09-03T06:05:16.206468 | 夏日 · 每日图集 (2026-09-03) | 素材9张 | 草稿media_id=GuGNpIePMwVvbmuSGKmnoJ07K8wAZeHtEVAUgJfGEcWUed6xPt73RSgry4uq2ViK
2026-09-03T07:05:01.662989 | 摩托车 · 每日图集 (2026-09-03) | 素材9张 | 草稿media_id=GuGNpIePMwVvbmuSGKmnoI8T2YWndZNBtiwHQfm5l85u530MFY4HQmlEmO_MAz17
2026-09-03T08:07:33.986719 | 茶 · 每日图集 (2026-09-03) | 素材9张 | 草稿media_id=GuGNpIePMwVvbmuSGKmnoFhqjaQgk2znwUVVU6zXat9_F8KuRiJ2zYUfLyfIgjwf
2026-09-03T09:24:21.893163 | 水果 · 每日图集 (2026-09-03) | 素材9张 | 草稿media_id=GuGNpIePMwVvbmuSGKmnoKMeEZyRRFQJPYHotw4bA_1BMbDs6K4VXeuhJ2rjdf0o
2026-09-03T10:11:12.820226 | 摩天大楼 · 每日图集 (2026-09-03) | 素材9张 | 草稿media_id=GuGNpIePMwVvbmuSGKmnoMShjhP9GavDDkFOM9FyXwjOzHJQc_7EsPyFjimTyQtV
2026-09-03T11:05:08.184188 | 轮船 · 每日图集 (2026-09-03) | 素材9张 | 草稿media_id=GuGNpIePMwVvbmuSGKmnoDK5G8pCFy5T-QFAkE98uT3Y8iIDzFNnwFJJHMbFUlUZ
2026-09-03T12:10:52.428829 | 火车 · 每日图集 (2026-09-03) | 素材9张 | 草稿media_id=GuGNpIePMwVvbmuSGKmnoK46MqSw69n1JWUytqocJiMF2UQxLZBi20JmINfHN6vg
2026-09-03T13:05:16.065243 | 阅读 · 每日图集 (2026-09-03) | 素材9张 | 草稿media_id=GuGNpIePMwVvbmuSGKmnoCKpQv-PBNOQTQr5bBbFbOiCVS3FWqiRTlCka8aJSEDI
2026-09-03T14:10:08.247012 | 赛车 · 每日图集 (2026-09-03) | 素材9张 | 草稿media_id=GuGNpIePMwVvbmuSGKmnoKR5YkSlUWNw5HEon__5en0I2TJMCBox9BesjNyfkVKv
2026-09-03T15:05:00.629699 | 大象 · 每日图集 (2026-09-03) | 素材9张 | 草稿media_id=GuGNpIePMwVvbmuSGKmnoP9kBcMxoucLrsiZgeow1wau_FH8xRgyGGVjucDV7Dmd
2026-09-03T16:08:30.999257 | 马 · 每日图集 (2026-09-03) | 素材9张 | 草稿media_id=GuGNpIePMwVvbmuSGKmnoCJkBl-uyra84sofwS3qSL8T8VpF1mTH6yMTAM8F_noM
2026-09-03T17:05:49.636109 | 秋天 · 每日图集 (2026-09-03) | 素材9张 | 草稿media_id=GuGNpIePMwVvbmuSGKmnoPjv6ZANlasqtuT6k9E7D-nUY65swTqqTfZzq5_AJ4mM
2026-09-03T18:11:46.363179 | 喀纳斯 · 每日图集 (2026-09-03) | 素材9张 | 草稿media_id=GuGNpIePMwVvbmuSGKmnoMX3JJIYxIEE_pOoyNzeEWS693mxy2gXpW15FXF71nHC
2026-09-03T19:04:53.528204 | 飞机 · 每日图集 (2026-09-03) | 素材9张 | 草稿media_id=GuGNpIePMwVvbmuSGKmnoIa_k0qsgCQFlqJm5XRc-yWjggFFQ7oTp4hweiuqFOue
2026-09-03T20:05:08.492588 | 夜景人像 · 每日图集 (2026-09-03) | 素材9张 | 草稿media_id=GuGNpIePMwVvbmuSGKmnoIBDD4C2eQ_JMF4E33vFy39mNlM7Gt6Epw4T87Ul7lDy
2026-09-03T21:05:05.309986 | 街头摄影师 · 每日图集 (2026-09-03) | 素材9张 | 草稿media_id=GuGNpIePMwVvbmuSGKmnoNGqyE0MxTkOWETPEr64Q1Cd_EX3-ZTRMbakIaYAFnOt
2026-09-03T22:06:56.814185 | 春天 · 每日图集 (2026-09-03) | 素材9张 | 草稿media_id=GuGNpIePMwVvbmuSGKmnoPefcyV5bvkImF0pInCEiyna1BvqIHTCLRHrmGZPBrVa
2026-09-03T23:05:13.794332 | 张家界 · 每日图集 (2026-09-03) | 素材9张 | 草稿media_id=GuGNpIePMwVvbmuSGKmnoEBSqehBhA8sDD00o0-SMsUFFmB1HAoJ3qcY-J2EBu9d
2026-09-04T00:05:03.943983 | 咖啡 · 每日图集 (2026-09-04) | 素材9张 | 草稿media_id=GuGNpIePMwVvbmuSGKmnoGGbR37cf_OvBMNZiiSUkvTpq8VgKlYqfvKOIMlzTD1S
2026-09-04T01:05:04.907721 | 大本钟 · 每日图集 (2026-09-04) | 素材9张 | 草稿media_id=GuGNpIePMwVvbmuSGKmnoAuvKXEuEEnW0ojoX7kR5wcyehkYLBfKHx6P0mEFdYdc
2026-09-04T02:05:44.764430 | 山川 · 每日图集 (2026-09-04) | 素材9张 | 草稿media_id=GuGNpIePMwVvbmuSGKmnoKm_hjclon-aQjtae2jJkHve_QxuDUBDJy8LH0TRg4BV
2026-09-04T03:04:56.100353 | 稻城亚丁 · 每日图集 (2026-09-04) | 素材9张 | 草稿media_id=GuGNpIePMwVvbmuSGKmnoKcm8se5O5L_lQeo8DTJCt1JjXLHdcfPfjvM5_HZshp1
2026-09-04T04:05:14.611277 | 敦煌莫高窟 · 每日图集 (2026-09-04) | 素材9张 | 草稿media_id=GuGNpIePMwVvbmuSGKmnoOkDfMkmGAXOaBuG5qzBUJHhQWCuVU1Tv-IJeg_EjGmO
2026-09-04T05:04:57.882480 | 古镇小桥流水 · 每日图集 (2026-09-04) | 素材9张 | 草稿media_id=GuGNpIePMwVvbmuSGKmnoLtA39qeJi2BKdj4JA57frXjrWzq64USLAgOEa24uXUT
2026-09-04T06:05:22.690813 | 鲸鱼 · 每日图集 (2026-09-04) | 素材9张 | 草稿media_id=GuGNpIePMwVvbmuSGKmnoJpECR24qmlMcM2kJgAsWnU6drzECh6_y5zARQpayGBa
2026-09-04T07:05:32.076375 | 秋天 · 每日图集 (2026-09-04) | 素材3张 | 草稿media_id=GuGNpIePMwVvbmuSGKmnoAoKEKUeFe1_1C39EutWSUz_3Xnfjh85Sq8UB9Kuxc6g
2026-09-04T08:08:57.634397 | 现代建筑 · 每日图集 (2026-09-04) | 素材9张 | 草稿media_id=GuGNpIePMwVvbmuSGKmnoEC-mG9P2X4t0oovNGhInMkthGRa-C0g5KPHOF5mbRue
2026-09-04T09:26:04.910363 | 桂林山水 · 每日图集 (2026-09-04) | 素材9张 | 草稿media_id=GuGNpIePMwVvbmuSGKmnoOew2NmMouyLEXsY9UjKw-aR7f93_IYVmdm7VW5ZuXYP
2026-09-04T10:19:20.787436 | 古建筑 · 每日图集 (2026-09-04) | 素材9张 | 草稿media_id=GuGNpIePMwVvbmuSGKmnoGadSBNjYlKqae1i6ar0cE4hOd_ADQa_I0CHKjFgEWXX
2026-09-04T11:04:57.983378 | 富士山 · 每日图集 (2026-09-04) | 素材9张 | 草稿media_id=GuGNpIePMwVvbmuSGKmnoCAtWZ0u60gyElRKG32__g0eOs7VOszCDOU7n1FrsHju
2026-09-04T12:14:56.620645 | 水乡古镇 · 每日图集 (2026-09-04) | 素材9张 | 草稿media_id=GuGNpIePMwVvbmuSGKmnoJ8rFeAM8spWPHKgn1sTJYipIS_e2mWPYRpLSROJEPiH
2026-09-04T13:05:09.329244 | 猴子 · 每日图集 (2026-09-04) | 素材9张 | 草稿media_id=GuGNpIePMwVvbmuSGKmnoIb-B3ku7KpTblnxrzGcIewO_FDISc3PYSsrt-T2pn2R
2026-09-04T14:12:55.972369 | 喀纳斯 · 每日图集 (2026-09-04) | 素材9张 | 草稿media_id=GuGNpIePMwVvbmuSGKmnoH2P0OpkhTXaKcCHovLLZ6kaaHxHwnSwijjU6PaCj2WQ
2026-09-04T15:05:01.243556 | 兵马俑 · 每日图集 (2026-09-04) | 素材9张 | 草稿media_id=GuGNpIePMwVvbmuSGKmnoD6KVI3wFd2liCuPaYDiBBuXfn77v0lldugvV_WUWT-C
2026-09-04T16:08:34.122150 | 佩特拉古城 · 每日图集 (2026-09-04) | 素材9张 | 草稿media_id=GuGNpIePMwVvbmuSGKmnoIydfWyTJixRs7cpYJAxohYosVi430xGmCxlLz0GpHoU
2026-09-04T17:04:53.658106 | 甜点 · 每日图集 (2026-09-04) | 素材9张 | 草稿media_id=GuGNpIePMwVvbmuSGKmnoO067TxlzSD1luPWjDo4jMXArXgD8Xu0-aqHrOUqUj_y
2026-09-04T18:05:37.225676 | 跑车 · 每日图集 (2026-09-04) | 素材9张 | 草稿media_id=GuGNpIePMwVvbmuSGKmnoE9pTDUmagpge_314LJmstU-_02Kvl5Jx8X0NKxWvZcf
2026-09-04T19:05:43.508025 | 羊驼 · 每日图集 (2026-09-04) | 素材9张 | 草稿media_id=GuGNpIePMwVvbmuSGKmnoAyNlYAbb5hVoJSubTSRBkG3HsfMWzeeXtzpw93x35C1
2026-09-04T20:05:25.883689 | 天坛 · 每日图集 (2026-09-04) | 素材9张 | 草稿media_id=GuGNpIePMwVvbmuSGKmnoP8Vm83BcDP7xNis84uyZx6cN4ysvBdZ79wxd6-wWEMp
2026-09-04T21:05:07.306738 | 教堂 · 每日图集 (2026-09-04) | 素材9张 | 草稿media_id=GuGNpIePMwVvbmuSGKmnoMuaVaODFXJl0QU7DxmDc5VGJOOXrvXgyXE8SXvpAJkp
2026-09-04T22:06:26.875167 | 城市夜景 · 每日图集 (2026-09-04) | 素材3张 | 草稿media_id=GuGNpIePMwVvbmuSGKmnoGkFmze3YHGVkr9VsfaQkGPe-qlFTdrbXtyffl4mw1Jl
2026-09-04T23:06:46.012657 | 春天 · 每日图集 (2026-09-04) | 素材4张 | 草稿media_id=GuGNpIePMwVvbmuSGKmnoOEVA2lGKJumHmk3JBAa9lYXf_kVlP6hva2-HgtLVF0p
2026-09-05T00:04:57.685676 | 自行车 · 每日图集 (2026-09-05) | 素材9张 | 草稿media_id=GuGNpIePMwVvbmuSGKmnoOq5QlJ41lg9Aqh4F6ZjAJtUNEWBdul4dmW67N1bcwFu
2026-09-05T01:05:13.816329 | 海滩日光浴 · 每日图集 (2026-09-05) | 素材9张 | 草稿media_id=GuGNpIePMwVvbmuSGKmnoPue-v_Msl6GJ1UzoFWG02iprf5SC10h-TJBR_nCP2uN
2026-09-05T03:05:13.185176 | 长城 · 每日图集 (2026-09-05) | 素材9张 | 草稿media_id=GuGNpIePMwVvbmuSGKmnoKhpGBYaZUdaJZC-TxrsFlgjtzMnfDrKmLDbDhAzLwrr
2026-09-05T04:04:54.668165 | 街头巷弄 · 每日图集 (2026-09-05) | 素材9张 | 草稿media_id=GuGNpIePMwVvbmuSGKmnoHQGxauUCM6BVCEdLQxKuD-8PdJg7qCK0EmUlVBtaeVk
2026-09-05T05:05:51.153858 | 吊桥 · 每日图集 (2026-09-05) | 素材9张 | 草稿media_id=GuGNpIePMwVvbmuSGKmnoLSBxBpAYHqUgy-HwHHot1sFEipa86ApVSB4VWHY2yLY
2026-09-05T06:04:56.107320 | 鹿 · 每日图集 (2026-09-05) | 素材9张 | 草稿media_id=GuGNpIePMwVvbmuSGKmnoDeClSUoNkb6GWAWcYSQJ4MbwGqUM_gEG8zaFtjknKMv
2026-09-05T07:04:49.246340 | 西湖 · 每日图集 (2026-09-05) | 素材9张 | 草稿media_id=GuGNpIePMwVvbmuSGKmnoAJ0Ks45z5ghU6qde8RFfXkJ3Fe7wYKhept3RuPJgbwS
2026-09-05T08:04:53.746251 | 泰姬陵 · 每日图集 (2026-09-05) | 素材9张 | 草稿media_id=GuGNpIePMwVvbmuSGKmnoIMVx9mF_swj4X3Me4N-N-GsVaywZBejiFKiDnwMV2j0
2026-09-05T09:05:29.814390 | 跑车 · 每日图集 (2026-09-05) | 素材7张 | 草稿media_id=GuGNpIePMwVvbmuSGKmnoN2O56gSj7GM4LRMXO9EiOCiUl9mp3Ov_IMkut-zan3y
2026-09-05T10:05:39.718296 | 鲸鱼 · 每日图集 (2026-09-05) | 素材9张 | 草稿media_id=GuGNpIePMwVvbmuSGKmnoACIozNbsYKjrQNiV7T99EmI-sjqrplaTYqqBhmSdP71
2026-09-05T12:05:17.034313 | 老虎 · 每日图集 (2026-09-05) | 素材9张 | 草稿media_id=GuGNpIePMwVvbmuSGKmnoL34l4qINnqchnBVurXDBOgt9UybyaVLSzYOcNs5luPp
2026-09-05T13:04:58.443297 | 灯塔 · 每日图集 (2026-09-05) | 素材9张 | 草稿media_id=GuGNpIePMwVvbmuSGKmnoMNvp50S8x0gLK9RWQyFdaVIc4CtnHHPf_mfuU0Yn6jL
2026-09-05T14:05:46.559772 | 天坛 · 每日图集 (2026-09-05) | 素材9张 | 草稿media_id=GuGNpIePMwVvbmuSGKmnoGvWpaGFZ7cvPxAp8g2fiSde3nsh31zww1zZHhfzML_Y
2026-09-05T15:05:33.510788 | 张家界 · 每日图集 (2026-09-05) | 素材9张 | 草稿media_id=GuGNpIePMwVvbmuSGKmnoJA3O4FYYs-YvxPzBeiNU5EbshzW-h-SSWaEF7fiIkby
2026-09-05T16:06:33.575017 | 溪流 · 每日图集 (2026-09-05) | 素材6张 | 草稿media_id=GuGNpIePMwVvbmuSGKmnoMA2wsyyzFmbfWGRhVgRcDKuzLDU6rGLETwkE2QlYfpL
2026-09-05T16:34:57.320660 | 悉尼歌剧院 · 每日图集 (2026-09-05) | 素材9张 | 草稿media_id=GuGNpIePMwVvbmuSGKmnoLIlLjxvNbUuGohwjUjFFIY8r9_rxtSjOkWT7vaKJLDn
2026-09-05T17:36:11.002631 | 喀纳斯 · 每日图集 (2026-09-05) | 素材9张 | 草稿media_id=GuGNpIePMwVvbmuSGKmnoLfhaQwNsOKkoxAY-Gjoir01lT_dPsyXCCDscfuC-kcN
2026-09-05T18:05:43.293044 | 图书馆 · 每日图集 (2026-09-05) | 素材9张 | 草稿media_id=GuGNpIePMwVvbmuSGKmnoI0k8xog5uqPxhSyN-CHiF9H9fU8RHKvakU9EBaP0jVt
2026-09-05T18:35:40.065287 | 城堡 · 每日图集 (2026-09-05) | 素材9张 | 草稿media_id=GuGNpIePMwVvbmuSGKmnoI2piu5KmOvrIdWCWyrf3MS16JAixdttT-g5FygJFyhM
2026-09-05T19:05:03.556882 | 布达拉宫 · 每日图集 (2026-09-05) | 素材9张 | 草稿media_id=GuGNpIePMwVvbmuSGKmnoG7N_7JuC8gZ6Zy09jVhkK5dspmaYFjOt5ONgHTIbJYO
2026-09-05T19:34:59.336387 | 黄山 · 每日图集 (2026-09-05) | 素材9张 | 草稿media_id=GuGNpIePMwVvbmuSGKmnoEZKqn2Ao0qqpXC6M2eK8Fjivxo2hA_0AvBO5S21L9bY
2026-09-05T20:05:00.913168 | 金字塔 · 每日图集 (2026-09-05) | 素材9张 | 草稿media_id=GuGNpIePMwVvbmuSGKmnoJxQ5twxo-cft1bLMksVeXE4qLcsCdkFybBvIR6tt00I
2026-09-05T20:34:53.714261 | 水墨画 · 每日图集 (2026-09-05) | 素材9张 | 草稿media_id=GuGNpIePMwVvbmuSGKmnoLqi48krAbw5xd8hdu1FcvXQ8P1gYpWBBb7hzllQjGvW
2026-09-05T21:05:46.007461 | 阅读 · 每日图集 (2026-09-05) | 素材9张 | 草稿media_id=GuGNpIePMwVvbmuSGKmnoPpgpT379Sk3-j-xVuU-fHLvcvw1sBSalD_9matqxK2n
2026-09-05T21:35:23.632420 | 猴子 · 每日图集 (2026-09-05) | 素材9张 | 草稿media_id=GuGNpIePMwVvbmuSGKmnoGSrMVsikQmOWWBdws0zMMKgpH5TRzeBA0wF_awx-uNA
2026-09-05T22:05:14.090524 | 狐狸 · 每日图集 (2026-09-05) | 素材9张 | 草稿media_id=GuGNpIePMwVvbmuSGKmnoNcNjzCSMrrONVY71cvsxG27oAwkzcByPYA-NWkp0Fym
2026-09-05T22:35:13.181531 | 科隆大教堂 · 每日图集 (2026-09-05) | 素材9张 | 草稿media_id=GuGNpIePMwVvbmuSGKmnoKNm7FdeoT3JWoKEarUM0tLOLZrfpNr_6m7sZTkNZLnk
2026-09-05T23:05:28.932485 | 甜点 · 每日图集 (2026-09-05) | 素材9张 | 草稿media_id=GuGNpIePMwVvbmuSGKmnoFQOnxELwaSVyh8Qf-feb8kLgp1EP7Quh_LnRjekYU5R
2026-09-06T00:05:10.454963 | 集市 · 每日图集 (2026-09-06) | 素材9张 | 草稿media_id=GuGNpIePMwVvbmuSGKmnoLKNzNgrG3F08EoJC21Eyt7Z5NbklH8EIZs-_TorZo3g
2026-09-06T00:35:03.600931 | 帕特农神庙 · 每日图集 (2026-09-06) | 素材9张 | 草稿media_id=GuGNpIePMwVvbmuSGKmnoNLwxPOpNbF8itJtf06nC0YAaxx2hL8TEnVtPwaNxy4i
2026-09-06T01:05:59.795282 | 庭院 · 每日图集 (2026-09-06) | 素材9张 | 草稿media_id=GuGNpIePMwVvbmuSGKmnoO-sWVZ8l2jv3GvPt8UXW1uo1Uk-dRUJ537zqK_l_A52
2026-09-06T01:35:32.399402 | 长城 · 每日图集 (2026-09-06) | 素材9张 | 草稿media_id=GuGNpIePMwVvbmuSGKmnoPSCQET7fZhykUqouM2AZlaQRUyqDa90yQCYfuUIAi2s
2026-09-06T02:04:50.133500 | 圣托里尼 · 每日图集 (2026-09-06) | 素材9张 | 草稿media_id=GuGNpIePMwVvbmuSGKmnoI4bdvUQmeWdNaOUceU6700SRLGExLqK5Crrxgdcw7f6
2026-09-06T02:35:09.639722 | 雨天街道 · 每日图集 (2026-09-06) | 素材9张 | 草稿media_id=GuGNpIePMwVvbmuSGKmnoC5-CnwzwGFmLUepP5sw79wVh1gRZfMCDi7A4wBuBh2h
2026-09-06T03:05:07.462710 | 摩天大楼 · 每日图集 (2026-09-06) | 素材9张 | 草稿media_id=GuGNpIePMwVvbmuSGKmnoPAEZ5ow68nlA2bdYAVY6WsjJ2pGUqi7fzJVqoz0iH0-
2026-09-06T04:05:31.666740 | 极光 · 每日图集 (2026-09-06) | 素材6张 | 草稿media_id=GuGNpIePMwVvbmuSGKmnoPkniojb5iTmp6OVjh7zWre93BXbSbnF7d4KEfRMd_z9
2026-09-06T04:34:55.918181 | 巨石阵 · 每日图集 (2026-09-06) | 素材9张 | 草稿media_id=GuGNpIePMwVvbmuSGKmnoIaWPwnhoFyzmH1Hkl-uywRKsAunZmIUCqQiAB8T5NHf
2026-09-06T05:05:08.032336 | 帆船 · 每日图集 (2026-09-06) | 素材9张 | 草稿media_id=GuGNpIePMwVvbmuSGKmnoBG2o8ZhkIasfhiMsz7BbYOxuqmOcAAWj_QeqX269bUL
2026-09-06T05:34:52.387608 | 摩索拉斯陵墓 · 每日图集 (2026-09-06) | 素材9张 | 草稿media_id=GuGNpIePMwVvbmuSGKmnoFcjE7NJiSFLxyrP6HXcGAw2jOe2S24AICbUtiFW-JUQ
2026-09-06T06:04:47.131641 | 猫咪 · 每日图集 (2026-09-06) | 素材9张 | 草稿media_id=GuGNpIePMwVvbmuSGKmnoP9GurBZviTdTXBk6104hM0qqU-Hjag9riiGqZCCnODG
2026-09-06T06:34:44.308447 | 人物肖像 · 每日图集 (2026-09-06) | 素材9张 | 草稿media_id=GuGNpIePMwVvbmuSGKmnoM5O7WiblIl0zswkMQ2xtSVFdVwfVW5PWKGotZpdc_ca
2026-09-06T07:04:54.047157 | 艺术 · 每日图集 (2026-09-06) | 素材9张 | 草稿media_id=GuGNpIePMwVvbmuSGKmnoDWfKSCkWoAXAFdocYNLtAJcteZbg94H10Q30Ypch8IQ
2026-09-06T07:34:44.630952 | 舞者 · 每日图集 (2026-09-06) | 素材9张 | 草稿media_id=GuGNpIePMwVvbmuSGKmnoAqzV5hG87wUYIFUzUufaQPu4CCpXPcKaigIn1694nCx
2026-09-06T08:34:59.009850 | 水墨画 · 每日图集 (2026-09-06) | 素材9张 | 草稿media_id=GuGNpIePMwVvbmuSGKmnoDX9gZ2zu3tYVPqhOUzBSCqCzmK0qGp8sV5ondX4jEiQ
2026-09-06T09:05:05.984321 | 鹿 · 每日图集 (2026-09-06) | 素材9张 | 草稿media_id=GuGNpIePMwVvbmuSGKmnoBzut45PJtA1s-VXtS6a1MnsSA8zCuNxIBW2iEhBq7w5
2026-09-06T09:34:50.865263 | 地铁 · 每日图集 (2026-09-06) | 素材9张 | 草稿media_id=GuGNpIePMwVvbmuSGKmnoDZ9p1dgPIA3DaPsKxTmbZz0kZqfMJKScs7L4-1v2STF
2026-09-06T10:04:57.043233 | 故宫 · 每日图集 (2026-09-06) | 素材9张 | 草稿media_id=GuGNpIePMwVvbmuSGKmnoNY734KjT_6ynMPpuJJEpnlCYypyb0laupCLL45esnnp
2026-09-06T10:35:27.611518 | 水乡古镇 · 每日图集 (2026-09-06) | 素材9张 | 草稿media_id=GuGNpIePMwVvbmuSGKmnoG9uVRAefNfayIJmYN0B2cZ3ePHKdEb381SN9chjN3Ec
2026-09-06T11:05:40.634985 | 敦煌莫高窟 · 每日图集 (2026-09-06) | 素材9张 | 草稿media_id=GuGNpIePMwVvbmuSGKmnoG7j5-0ctXt-y7XW9GX3KXp0KPXYxK20_Km1YlTQL2iV
2026-09-06T11:36:21.629052 | 图书馆 · 每日图集 (2026-09-06) | 素材9张 | 草稿media_id=GuGNpIePMwVvbmuSGKmnoJ-Xa-8DENDFrO49n7bkx4zFNwgem0QqQLIy1h54ATQ1
2026-09-06T12:05:34.605390 | 当代艺术 · 每日图集 (2026-09-06) | 素材9张 | 草稿media_id=GuGNpIePMwVvbmuSGKmnoKgpHyW_Ak0VLPkqdqr-ddmWNs1ejlfxwRHL8HCv8E-y
2026-09-06T12:35:32.854591 | 佩特拉古城 · 每日图集 (2026-09-06) | 素材9张 | 草稿media_id=GuGNpIePMwVvbmuSGKmnoD5mxdrMKfs5s0xcNu9TYFy5_X6cau7bfVc9oiqLooSa
2026-09-06T13:06:06.975640 | 火车 · 每日图集 (2026-09-06) | 素材9张 | 草稿media_id=GuGNpIePMwVvbmuSGKmnoJa59NIxAE_wg231nMvuz2Za9dZrZOe5sTur7LhIfa3W
2026-09-06T13:35:12.597581 | 直升机 · 每日图集 (2026-09-06) | 素材9张 | 草稿media_id=GuGNpIePMwVvbmuSGKmnoBkKIk7thpCXsxWXZQSIHY00MGv6qw6nTlFWc8jZxLZl
2026-09-06T14:05:30.254697 | 兵马俑 · 每日图集 (2026-09-06) | 素材9张 | 草稿media_id=GuGNpIePMwVvbmuSGKmnoL9WrrfG3W1ehFkSuVEbXsWRwRsoeGQSC_FfbophJpfk
2026-09-06T14:35:31.862420 | 布达拉宫 · 每日图集 (2026-09-06) | 素材9张 | 草稿media_id=GuGNpIePMwVvbmuSGKmnoEbypzAPJ7vvaBx6672O--cuE6AIWdddy3tsH91mSXTR
2026-09-06T15:06:12.698504 | 天坛 · 每日图集 (2026-09-06) | 素材9张 | 草稿media_id=GuGNpIePMwVvbmuSGKmnoJhFD-LborcLUr0waKtuwMnADPnumMRIBHG3uVmowNnH
2026-09-06T15:35:01.743219 | 比萨斜塔 · 每日图集 (2026-09-06) | 素材9张 | 草稿media_id=GuGNpIePMwVvbmuSGKmnoANVNnFAWFuc2JInKZz8uEHTuAfq1v620Mgf5bcdzGMP
2026-09-06T16:05:33.356131 | 桂林山水 · 每日图集 (2026-09-06) | 素材9张 | 草稿media_id=GuGNpIePMwVvbmuSGKmnoJymlfsqjZ809l_34HJI9ud_qO-U-T0qPDCs17DeEAFH
2026-09-06T16:35:44.280450 | 星空 · 每日图集 (2026-09-06) | 素材9张 | 草稿media_id=GuGNpIePMwVvbmuSGKmnoNLfbdJpjGD9KvntVwU0DFliV0g-0Oqn9_R0gbH0Oi5i
2026-09-06T17:05:17.249496 | 富士山 · 每日图集 (2026-09-06) | 素材9张 | 草稿media_id=GuGNpIePMwVvbmuSGKmnoJTRVemYv6cTvsL7DDEghscJcNnpvo2Co7R2V2z1lomN
2026-09-06T17:35:19.357954 | 教堂 · 每日图集 (2026-09-06) | 素材9张 | 草稿media_id=GuGNpIePMwVvbmuSGKmnoLk2XakZIu-qZivyoRlEeaMTrXlgZcygoLS-0FM1RkJ9
2026-09-06T18:04:47.089521 | 音乐家 · 每日图集 (2026-09-06) | 素材9张 | 草稿media_id=GuGNpIePMwVvbmuSGKmnoKFhXM6zFOWDER6XwIRoO_AZquejgD1zxNuBLgW-Xmw_
2026-09-06T18:35:35.388347 | 古建筑 · 每日图集 (2026-09-06) | 素材9张 | 草稿media_id=GuGNpIePMwVvbmuSGKmnoO3Rwq-A1f7a1caz5c_dNljLQ7XNK80DBu7mS5uGmCZd
2026-09-06T19:05:30.077753 | 摩托车 · 每日图集 (2026-09-06) | 素材9张 | 草稿media_id=GuGNpIePMwVvbmuSGKmnoIijoWVcLUJRkGIn4ekUtogqUExYE2DsBQ5diKZcfahP
2026-09-06T19:35:29.107861 | 海滩日光浴 · 每日图集 (2026-09-06) | 素材9张 | 草稿media_id=GuGNpIePMwVvbmuSGKmnoJd-1giruJVFnRQBcPL6mo29GmxfGSFBX7JmXsvh6d7u
2026-09-06T20:05:21.030882 | 威尼斯 · 每日图集 (2026-09-06) | 素材9张 | 草稿media_id=GuGNpIePMwVvbmuSGKmnoHN94oMvKT7rqiHLSPg4YRUcAiXwlZ5KHoTL9RVjcXxY
2026-09-06T20:35:19.535928 | 长颈鹿 · 每日图集 (2026-09-06) | 素材9张 | 草稿media_id=GuGNpIePMwVvbmuSGKmnoEG0mDGQOrJQ7WY-yFjNhS7as-FAvQmZ9iNdT5QP_bRR
2026-09-06T21:04:53.478119 | 游艇 · 每日图集 (2026-09-06) | 素材9张 | 草稿media_id=GuGNpIePMwVvbmuSGKmnoO6QVk59Iun-cBHVjVqyXaQ3vDdsA5uh1r6NGvCZFsCk
2026-09-06T21:35:24.176693 | 科隆大教堂 · 每日图集 (2026-09-06) | 素材9张 | 草稿media_id=GuGNpIePMwVvbmuSGKmnoLPiyd9zi44Opcp-Ji4GlXp1fzcCXxcg0yrC1OesAhY9
2026-09-06T22:06:39.972809 | 高楼窗景 · 每日图集 (2026-09-06) | 素材9张 | 草稿media_id=GuGNpIePMwVvbmuSGKmnoH4Ol9H4Hk-Dq-DT9U3LxEahJpNLqS6KAaRlZsx7chiU
2026-09-06T22:35:02.288106 | 里约基督像 · 每日图集 (2026-09-06) | 素材9张 | 草稿media_id=GuGNpIePMwVvbmuSGKmnoMbnwnAn33YRAWoF23mT9Lf4A4qKkzpZZ7NJyP_PnX4b
2026-09-06T23:04:59.617845 | 汽车 · 每日图集 (2026-09-06) | 素材9张 | 草稿media_id=GuGNpIePMwVvbmuSGKmnoPRAoR2vr0ZMlb2kTCS_PKx5OkrfF8Xi1qq7SoLvw-_3
2026-09-06T23:35:47.848408 | 轮船 · 每日图集 (2026-09-06) | 素材9张 | 草稿media_id=GuGNpIePMwVvbmuSGKmnoCldY6nxa5nxOxZW1jT6Mn-mzp9Momujk5ZNaKvccQm7
2026-09-07T00:05:34.078864 | 布达拉宫 · 每日图集 (2026-09-07) | 素材9张 | 草稿media_id=GuGNpIePMwVvbmuSGKmnoOyQKeQfALVgzo3QBT4BFkfW0vd-ZCPL14Kbuf5uuMQp
2026-09-07T00:35:18.523262 | 马 · 每日图集 (2026-09-07) | 素材9张 | 草稿media_id=GuGNpIePMwVvbmuSGKmnoFonhjXhr1ajACPjQB35Et0AsXCvp7HHGWL2xGh1ZkQQ
2026-09-07T01:04:54.978973 | 海豚 · 每日图集 (2026-09-07) | 素材9张 | 草稿media_id=GuGNpIePMwVvbmuSGKmnoHpH6KDv_OtswW-T-zPVRIoVTPDPaDLxaADDOuuMS2ot
2026-09-07T01:35:32.385483 | 茶 · 每日图集 (2026-09-07) | 素材9张 | 草稿media_id=GuGNpIePMwVvbmuSGKmnoHalb28PwkT7USj2KIPqryI6X5seYGPon5TMNHyR2nj8
2026-09-07T02:05:42.957573 | 敦煌莫高窟 · 每日图集 (2026-09-07) | 素材9张 | 草稿media_id=GuGNpIePMwVvbmuSGKmnoDJSaVgCVkhXQ4czSRkGnyuJz-a4NKHz-sGVSR9xr_52
2026-09-07T02:34:54.962984 | 鸟类 · 每日图集 (2026-09-07) | 素材9张 | 草稿media_id=GuGNpIePMwVvbmuSGKmnoFXkYFcNLWH7Q3ha8OR9OSDn_rNgdPwgYKQrZf66TGuL
2026-09-07T03:05:23.728148 | 鲸鱼 · 每日图集 (2026-09-07) | 素材3张 | 草稿media_id=GuGNpIePMwVvbmuSGKmnoH4YogbvIj7TfNx6tO7pdt5Erdh40JFBXpBtzWXUS0ez
2026-09-07T03:34:52.625689 | 马丘比丘 · 每日图集 (2026-09-07) | 素材9张 | 草稿media_id=GuGNpIePMwVvbmuSGKmnoDoH-T9skT2YtOG1MbwDqG-2dk-Ke4KF0xwpr_daFM5B
2026-09-07T04:04:59.290230 | 地铁 · 每日图集 (2026-09-07) | 素材9张 | 草稿media_id=GuGNpIePMwVvbmuSGKmnoJUACP5zPlSEhEQiaTnkY438ESOyBfg9MIJWuvhRCTj0
2026-09-07T04:35:04.365413 | 大本钟 · 每日图集 (2026-09-07) | 素材9张 | 草稿media_id=GuGNpIePMwVvbmuSGKmnoPFHAmVG-F042BGsTGQProYMn_TYwh61ykLAcG2R4YZV
2026-09-07T05:05:19.802974 | 桂林山水 · 每日图集 (2026-09-07) | 素材9张 | 草稿media_id=GuGNpIePMwVvbmuSGKmnoPquWTJ47NBI_5_B2IAnOEUiKnL5LE79jUNccPFfmBdn
2026-09-07T05:34:54.431971 | 音乐家 · 每日图集 (2026-09-07) | 素材9张 | 草稿media_id=GuGNpIePMwVvbmuSGKmnoARch49K99aqyuigOwxzeRj0d-wUXbXRki4s9k9QkhS7
2026-09-07T06:05:24.401750 | 轮船 · 每日图集 (2026-09-07) | 素材9张 | 草稿media_id=GuGNpIePMwVvbmuSGKmnoD0uDoilykekUHSa9783Hojd4AuywMgK2mWj-KSDWSfd
2026-09-07T06:35:21.116836 | 水乡古镇 · 每日图集 (2026-09-07) | 素材9张 | 草稿media_id=GuGNpIePMwVvbmuSGKmnoPDqvtU1tMJglZe0r5hH98l9pPnTAFF98-jIe0Ogg_YX
2026-09-07T07:04:46.488321 | 老手艺匠人 · 每日图集 (2026-09-07) | 素材9张 | 草稿media_id=GuGNpIePMwVvbmuSGKmnoMjceRzO_YX-K9Rkh1LS1jGUxLh1ocz0aFsK3k3xzZ9d
2026-09-07T08:05:07.206131 | 水果 · 每日图集 (2026-09-07) | 素材9张 | 草稿media_id=GuGNpIePMwVvbmuSGKmnoPvH7cM_NJIvfJeTvtwY3qSN4sXEh7sIS3GYxkSP2EW-
2026-09-07T08:34:47.115655 | 东方明珠 · 每日图集 (2026-09-07) | 素材9张 | 草稿media_id=GuGNpIePMwVvbmuSGKmnoJhJXh1D9amkOjTbyWN4a_BBjQCiFJiH8UKY6xIcN8oT
2026-09-07T09:04:59.092612 | 热气球 · 每日图集 (2026-09-07) | 素材9张 | 草稿media_id=GuGNpIePMwVvbmuSGKmnoGAiNwRce19OXe7KOyQpslNbs_a8F4t_tFtuG4GIY3w0
2026-09-07T09:35:15.854628 | 长颈鹿 · 每日图集 (2026-09-07) | 素材9张 | 草稿media_id=GuGNpIePMwVvbmuSGKmnoHoP95x_HNZgHSQ2iwys--BIjnvsVQ3mICVr-ynEbQ9u
2026-09-07T10:05:33.895000 | 庭院 · 每日图集 (2026-09-07) | 素材7张 | 草稿media_id=GuGNpIePMwVvbmuSGKmnoDORSwhFxEQrk0R_uTh9mhHE3mQswvEtSrI-vzYu8ize
2026-09-07T10:35:10.241726 | 直升机 · 每日图集 (2026-09-07) | 素材9张 | 草稿media_id=GuGNpIePMwVvbmuSGKmnoOjbcXctD_1BdhRu7xc7lT-QJCWfFdFhOUW569KodcJx
2026-09-07T11:04:59.435954 | 圣家堂 · 每日图集 (2026-09-07) | 素材9张 | 草稿media_id=GuGNpIePMwVvbmuSGKmnoFYhV6KJUYFBBh0NXEUF3FEehaVUtBZtzVUQSun2oUSB
2026-09-07T11:35:11.572937 | 猫咪 · 每日图集 (2026-09-07) | 素材9张 | 草稿media_id=GuGNpIePMwVvbmuSGKmnoPMBgIjdZjnyvcgEBTccM_cNAdZF9wab-QgwmVNtGYcv
2026-09-07T12:04:57.647088 | 吴哥窟 · 每日图集 (2026-09-07) | 素材9张 | 草稿media_id=GuGNpIePMwVvbmuSGKmnoPcc1tSXW3DN_i2PSXRS4Bjfwd-AF5qTN3R5Ok-1VjQR
2026-09-07T12:35:14.833759 | 帐篷露营 · 每日图集 (2026-09-07) | 素材9张 | 草稿media_id=GuGNpIePMwVvbmuSGKmnoOD1B3W3cmCi6X5N0-E4slQqKCzHlkcMybDG5WkhGFpw
2026-09-07T14:05:56.198914 | 星空 · 每日图集 (2026-09-07) | 素材6张 | 草稿media_id=GuGNpIePMwVvbmuSGKmnoNTrDSbK4p4CJiscqvM03WEaY0d6bgWLkU-s9VdEFSvA
2026-09-07T14:34:58.881861 | 名画 · 每日图集 (2026-09-07) | 素材9张 | 草稿media_id=GuGNpIePMwVvbmuSGKmnoLe8Yb7DN4LTD5HzEbCcDUcLMcp9USk3JmBvviPf5ihm
2026-09-07T15:04:56.931747 | 水彩画 · 每日图集 (2026-09-07) | 素材9张 | 草稿media_id=GuGNpIePMwVvbmuSGKmnoG-8vF4HOXsmTa6s0nULqmVZBtTvDm_-9eFfMRYHEhnI
2026-09-07T15:35:53.907846 | 摩天大楼 · 每日图集 (2026-09-07) | 素材9张 | 草稿media_id=GuGNpIePMwVvbmuSGKmnoA7Y-6tqk3P4ouFAWDwtRG6RN2jMldswor3JShT_8j_S
2026-09-07T16:05:15.744620 | 极光之夜 · 每日图集 (2026-09-07) | 素材9张 | 草稿media_id=GuGNpIePMwVvbmuSGKmnoBV_aPgbUZJgFHOuUovP2CSlnVB8UHQNUgMCfaKJdYqt
2026-09-07T16:34:49.492594 | 雪鸮 · 每日图集 (2026-09-07) | 素材9张 | 草稿media_id=GuGNpIePMwVvbmuSGKmnoDfzf10CHP4zQHnDd6ZbwwNQQcYDwA9t7BUdcMSnfcGP
2026-09-07T17:06:03.368600 | 古建筑 · 每日图集 (2026-09-07) | 素材9张 | 草稿media_id=GuGNpIePMwVvbmuSGKmnoAl6XYZAe06O0o3WA25neJ0kt1b_DAQM4j5HkYJcyOKM
2026-09-07T17:35:19.209907 | 甜点 · 每日图集 (2026-09-07) | 素材9张 | 草稿media_id=GuGNpIePMwVvbmuSGKmnoMUwC6PdB6EXZzbi78Nyh3qQQgtVdcJmkBjUhcXdTjIf
2026-09-07T18:05:08.604533 | 故宫 · 每日图集 (2026-09-07) | 素材9张 | 草稿media_id=GuGNpIePMwVvbmuSGKmnoGSUsymrj14ydtPDjzu4msGeWnWPTVFv_4w3lXWWvAtq
2026-09-07T18:34:57.428646 | 壁画 · 每日图集 (2026-09-07) | 素材9张 | 草稿media_id=GuGNpIePMwVvbmuSGKmnoIR13Y4qFdfOwXm7quCGp_jKIn6afe-WyqisaET-KdNL
2026-09-07T19:05:44.032860 | 城堡 · 每日图集 (2026-09-07) | 素材8张 | 草稿media_id=GuGNpIePMwVvbmuSGKmnoL4SDsWqtrBBSg4LcQYFWMWHwGPYrvKIk8AZ2k-fY3om
2026-09-07T19:34:50.758351 | 宇宙 · 每日图集 (2026-09-07) | 素材9张 | 草稿media_id=GuGNpIePMwVvbmuSGKmnoJ-bLTKxM1IFrL5oGH2Hh4op8ji_MvCY1eFGO8fR3As0
2026-09-07T20:05:16.054567 | 圣托里尼 · 每日图集 (2026-09-07) | 素材9张 | 草稿media_id=GuGNpIePMwVvbmuSGKmnoFWO77QXMATEOKI-I71NlAEuyPUsNl7axe8mzaidQ7eA
2026-09-07T20:35:03.129858 | 雅典卫城 · 每日图集 (2026-09-07) | 素材9张 | 草稿media_id=GuGNpIePMwVvbmuSGKmnoGwn9e0tAg9PYIMGnz8w9z1mgrPrubMFag7ZHxGiZjQV
2026-09-07T21:05:01.058644 | 米兰大教堂 · 每日图集 (2026-09-07) | 素材9张 | 草稿media_id=GuGNpIePMwVvbmuSGKmnoD2DmWMC1nul4EP46ut2MN2BNB4G1VvoRGg8kSh34VaI
2026-09-07T21:35:27.211426 | 泰姬陵 · 每日图集 (2026-09-07) | 素材9张 | 草稿media_id=GuGNpIePMwVvbmuSGKmnoJ6cGHTf2xk9Y2t6vcfgy_2FpeVPNfUR9uYn52JzkV7M
2026-09-07T22:05:30.652615 | 游艇 · 每日图集 (2026-09-07) | 素材9张 | 草稿media_id=GuGNpIePMwVvbmuSGKmnoBT0WXL7Ev-PLsGrkT7KYfaJcC2C34wFBv4jm8ZSkG5k
2026-09-07T23:35:01.582596 | 烘焙 · 每日图集 (2026-09-07) | 素材9张 | 草稿media_id=GuGNpIePMwVvbmuSGKmnoAmXSw2vDztTU0FTG-2Ybp2fR8eU7KHsQhIMxhwjrE1D
2026-09-08T00:05:00.863592 | 埃菲尔铁塔 · 每日图集 (2026-09-08) | 素材9张 | 草稿media_id=GuGNpIePMwVvbmuSGKmnoDpYjuK5jxNwJpWkYj378haIx8dxVhaIz7ya49CzwXys
2026-09-08T00:35:57.648982 | 湖泊 · 每日图集 (2026-09-08) | 素材4张 | 草稿media_id=GuGNpIePMwVvbmuSGKmnoC-R2kB7uaV2uFH7iYpxxaNfb4Ys2ZZrAgCNbVYQFHz4
2026-09-08T01:05:01.318132 | 九寨沟 · 每日图集 (2026-09-08) | 素材9张 | 草稿media_id=GuGNpIePMwVvbmuSGKmnoEbYaVCuHwRo7-VkfCGzTL3t1zvArx9sUHZG13QImKEQ
2026-09-08T01:35:29.160872 | 桂林山水 · 每日图集 (2026-09-08) | 素材8张 | 草稿media_id=GuGNpIePMwVvbmuSGKmnoK26_3b3YDuO_GQnTCT9f0dKoSR8U56_KmwYztuy9wFC
2026-09-08T02:04:52.222663 | 罗马斗兽场 · 每日图集 (2026-09-08) | 素材9张 | 草稿media_id=GuGNpIePMwVvbmuSGKmnoAeOYsbVCpiZeA5qATDlewOrO6iJwdRYIouRgRAz38n5
2026-09-08T02:35:13.456982 | 鹿 · 每日图集 (2026-09-08) | 素材9张 | 草稿media_id=GuGNpIePMwVvbmuSGKmnoJgfukGDSAFj-ajVKtjz76HeqzksyjHOMgsUNTGrVE4a
2026-09-08T03:05:17.842522 | 帆船 · 每日图集 (2026-09-08) | 素材9张 | 草稿media_id=GuGNpIePMwVvbmuSGKmnoJLir2G9PvosB06nXcwnKxyhoU0IYOm0nt9Xy6vHee3o
2026-09-08T04:37:17.215946 | 泰姬陵 · 每日图集 (2026-09-08) | 素材9张 | 草稿media_id=GuGNpIePMwVvbmuSGKmnoMDievtEsFeUUeO2MuPFFLUVKbEW6fzYyQCRmvS6zUwv
2026-09-08T05:05:47.686171 | 舞者 · 每日图集 (2026-09-08) | 素材9张 | 草稿media_id=GuGNpIePMwVvbmuSGKmnoAgyQq-ryOZGGZncITjdrpDt7ovQ17sMVCBvTSXN5JZT
2026-09-08T05:35:32.122022 | 水乡古镇 · 每日图集 (2026-09-08) | 素材7张 | 草稿media_id=GuGNpIePMwVvbmuSGKmnoALA_iuy8JpcwvhimLg5ozHyAkxG_z96mIr2abq0Ve6o
2026-09-08T06:05:23.279981 | 教堂 · 每日图集 (2026-09-08) | 素材9张 | 草稿media_id=GuGNpIePMwVvbmuSGKmnoCXXO-SwrcsnpxcS9mejKAFcMo59bHQLaPqfFY3-qKZN
2026-09-08T06:35:05.954164 | 鸟类 · 每日图集 (2026-09-08) | 素材9张 | 草稿media_id=GuGNpIePMwVvbmuSGKmnoGilNgQgIjoGGSquGKStls1hmyRPCQ2wixc60VT5Z1X7
2026-09-08T07:04:53.175434 | 车站 · 每日图集 (2026-09-08) | 素材9张 | 草稿media_id=GuGNpIePMwVvbmuSGKmnoP4hnXFgGnxlipq97FgBdAVKJPA8Sc1Dd8UYs1_EAuM0
2026-09-08T07:35:00.953362 | 海豚 · 每日图集 (2026-09-08) | 素材9张 | 草稿media_id=GuGNpIePMwVvbmuSGKmnoDLNcTIRuPE87m9pR_mrYkilwIsL9c_wRJ-DTn9TN3oN
2026-09-08T08:05:29.238502 | 森林 · 每日图集 (2026-09-08) | 素材4张 | 草稿media_id=GuGNpIePMwVvbmuSGKmnoKhYRyxHMFYE4bfsVDxMJS7_-kpqXnFr2T4XP1JWTPy6
2026-09-08T08:35:36.316269 | 喀纳斯 · 每日图集 (2026-09-08) | 素材9张 | 草稿media_id=GuGNpIePMwVvbmuSGKmnoHBWnAx1gQIWAyiRiY29Q64_ozppLgtnicR8hpGaYu_b
2026-09-08T09:05:10.725367 | 夜景人像 · 每日图集 (2026-09-08) | 素材9张 | 草稿media_id=GuGNpIePMwVvbmuSGKmnoAFFKyHc3J87xzYclowpYcM_VavlDqTksg42-I1tcK5o
2026-09-08T09:35:24.734791 | 狐狸 · 每日图集 (2026-09-08) | 素材9张 | 草稿media_id=GuGNpIePMwVvbmuSGKmnoDSKVWwQocTOqjhNSPqmipzH6_YqED0XYRcabhTXPSLn
2026-09-08T10:05:05.998433 | 宇宙 · 每日图集 (2026-09-08) | 素材9张 | 草稿media_id=GuGNpIePMwVvbmuSGKmnoL-k-0cYVdkqgcCLBBTxOpEy5cBTd0H--3Bi2HPGxtzl
2026-09-08T11:05:10.541959 | 黄山 · 每日图集 (2026-09-08) | 素材9张 | 草稿media_id=GuGNpIePMwVvbmuSGKmnoBN_WFFjKyixGoGn3kDVW69_32_9HqqbUn5eKzPiDp6y
2026-09-08T11:35:28.633720 | 大本钟 · 每日图集 (2026-09-08) | 素材9张 | 草稿media_id=GuGNpIePMwVvbmuSGKmnoMZaQHwmxOe5j0Zp6MD49gCmYZQjo8Rf8ImhdE3rdCHY
2026-09-08T12:05:14.190598 | 帕特农神庙 · 每日图集 (2026-09-08) | 素材9张 | 草稿media_id=GuGNpIePMwVvbmuSGKmnoEpJhifj0rnK6CBcLVC5mPF3ePbZ0wXnVqDZ4NrmF2y8
2026-09-08T12:36:37.227028 | 秋天 · 每日图集 (2026-09-08) | 素材9张 | 草稿media_id=GuGNpIePMwVvbmuSGKmnoIic6TE5Me9yxxRvMSxWmO25Y6uBcXel9_DxuUYfnTAe
2026-09-08T13:06:01.343037 | 猴子 · 每日图集 (2026-09-08) | 素材9张 | 草稿media_id=GuGNpIePMwVvbmuSGKmnoEIU0KtjGZLlCCKX9R-H29VcPk16jELeMUbLC0QbGMrP
2026-09-08T13:35:14.523704 | 雪鸮 · 每日图集 (2026-09-08) | 素材9张 | 草稿media_id=GuGNpIePMwVvbmuSGKmnoBNri7sg02EBTVIbKaHuTB24rJgg3hn0TNMtgqTPZ9az
2026-09-08T14:06:11.272968 | 茶 · 每日图集 (2026-09-08) | 素材9张 | 草稿media_id=GuGNpIePMwVvbmuSGKmnoAMCAEFtZFI23kg6xt4bw2Vzfh6xWWZyPc2H-3RZ9EB9
2026-09-08T14:35:23.761301 | 比萨斜塔 · 每日图集 (2026-09-08) | 素材9张 | 草稿media_id=GuGNpIePMwVvbmuSGKmnoG3NdMsHl7_q_EZteaX3TkCPFyv7XRBWAqhehb9Ea_z4
2026-09-08T15:06:36.195832 | 自行车 · 每日图集 (2026-09-08) | 素材9张 | 草稿media_id=GuGNpIePMwVvbmuSGKmnoKS2mc4VGrqTf6IsV6yiM109lEBaOHCbFZhjbRn7LJog
2026-09-08T15:35:22.757772 | 寿司 · 每日图集 (2026-09-08) | 素材9张 | 草稿media_id=GuGNpIePMwVvbmuSGKmnoFW5EePj1tvc2TLp0xxbf357TEBeBq2i2fbwxwnMx_fV
2026-09-08T16:05:56.400934 | 极光 · 每日图集 (2026-09-08) | 素材3张 | 草稿media_id=GuGNpIePMwVvbmuSGKmnoGrxtl5bA1zZq6RjaeNeVs6_u376qXgGHuZePYYx86bt
2026-09-08T16:36:24.594709 | 摩天大楼 · 每日图集 (2026-09-08) | 素材9张 | 草稿media_id=GuGNpIePMwVvbmuSGKmnoDrFFNob0KWoMccYA7D4g9BeJFrHGmba261Kcytbbu9c
2026-09-08T17:06:19.896859 | 图书馆 · 每日图集 (2026-09-08) | 素材7张 | 草稿media_id=GuGNpIePMwVvbmuSGKmnoPfGaw_Snnktg57xhqTBR-fGe_Zl2vTCzGIyr7-UDTMi
2026-09-08T17:35:20.513726 | 马丘比丘 · 每日图集 (2026-09-08) | 素材9张 | 草稿media_id=GuGNpIePMwVvbmuSGKmnoPsAqNiokME7MdJ-q42djNUWWgsSSslyiYao-t2iY07i
2026-09-08T18:05:24.970504 | 帐篷露营 · 每日图集 (2026-09-08) | 素材9张 | 草稿media_id=GuGNpIePMwVvbmuSGKmnoLL44zAXft9uKEWmSamenEIaqPaL5yk3cKYG88ZpBaam
2026-09-08T18:35:48.288045 | 长颈鹿 · 每日图集 (2026-09-08) | 素材9张 | 草稿media_id=GuGNpIePMwVvbmuSGKmnoFhizibsLp4D5x1nRYGqPDFX2pnXq1v-ZyqVVw-TmI2M
2026-09-08T19:05:22.029567 | 狮子 · 每日图集 (2026-09-08) | 素材9张 | 草稿media_id=GuGNpIePMwVvbmuSGKmnoKby32oZADGQMRYNGFLFmYdBJONFEjvZbidLdGGOfMsR
2026-09-08T19:34:55.530699 | 广州塔 · 每日图集 (2026-09-08) | 素材9张 | 草稿media_id=GuGNpIePMwVvbmuSGKmnoLtxmltM2L90wMj_jG2yPVvurxXqBbu5wbZXgIqAwxnf
2026-09-08T20:06:04.348159 | 威尼斯 · 每日图集 (2026-09-08) | 素材9张 | 草稿media_id=GuGNpIePMwVvbmuSGKmnoON0gx05qS2--XhkZkJabPctg7sNGh8o-jWJrnAGTql4
2026-09-08T20:34:59.348105 | 高铁 · 每日图集 (2026-09-08) | 素材9张 | 草稿media_id=GuGNpIePMwVvbmuSGKmnoFbmw4Z4uN8addeuvrj1IlXhcis5vWamxH8qfq156SUr
2026-09-08T21:36:33.689794 | 古建筑 · 每日图集 (2026-09-08) | 素材4张 | 草稿media_id=GuGNpIePMwVvbmuSGKmnoLj67OCekI0UH1vmrmLCv47qkovpZ65qZDpgcNPxu70M
2026-09-08T22:05:08.579722 | 熊猫 · 每日图集 (2026-09-08) | 素材9张 | 草稿media_id=GuGNpIePMwVvbmuSGKmnoDajofEhvN3r7mDr1ziQsNfRKJytVg-Dnr6XdqpmP0wO
2026-09-08T23:05:46.218639 | 自由女神 · 每日图集 (2026-09-08) | 素材9张 | 草稿media_id=GuGNpIePMwVvbmuSGKmnoD1_cv41fmjN-qJ9cW6P__jyV6lzbIGkURk5bbSW_Tph
2026-09-08T23:36:30.102174 | 云海 · 每日图集 (2026-09-08) | 素材7张 | 草稿media_id=GuGNpIePMwVvbmuSGKmnoGtzV4KQLAB6pguQKNAlKTzQoVltefKcGK6ocFsxXt8o
2026-09-09T00:06:32.011009 | 猴子 · 每日图集 (2026-09-09) | 素材9张 | 草稿media_id=GuGNpIePMwVvbmuSGKmnoEowPeOglc-EiJ4H2-7OvogLbfIbxg5NqLD6os06XWBW
2026-09-09T00:35:49.595628 | 吊桥 · 每日图集 (2026-09-09) | 素材9张 | 草稿media_id=GuGNpIePMwVvbmuSGKmnoPAJMfuKw4n0OVURZ3jO1fNvgJl8ZTSACCUrpnlp6bVU
2026-09-09T01:05:16.509636 | 书店 · 每日图集 (2026-09-09) | 素材9张 | 草稿media_id=GuGNpIePMwVvbmuSGKmnoGReJ6qw0Rn_GE_558vab339R-5ONji3u7W77Y4Irqmy
2026-09-09T02:04:49.664238 | 咖啡馆 · 每日图集 (2026-09-09) | 素材9张 | 草稿media_id=GuGNpIePMwVvbmuSGKmnoLwAcXhC7FYSOUbwpAgB2FPv2eMeG2TREqaG56z0pFbd
2026-09-09T02:35:03.491027 | 街头摄影师 · 每日图集 (2026-09-09) | 素材9张 | 草稿media_id=GuGNpIePMwVvbmuSGKmnoFL6Xtv8OOzEwl1RVbSJwgdaY0bgEbVIUJv0QKgsEmRD
2026-09-09T03:05:07.719355 | 吴哥窟 · 每日图集 (2026-09-09) | 素材9张 | 草稿media_id=GuGNpIePMwVvbmuSGKmnoNQhxAo3NJjROSXb6V95LYQp4IOtNMyPDdt64cjvQJ1y
2026-09-09T03:35:07.445856 | 巨石阵 · 每日图集 (2026-09-09) | 素材9张 | 草稿media_id=GuGNpIePMwVvbmuSGKmnoHw8tx9StbvDEzxhlpRS1uTyyNo61qMWxjsyNgtg5Hki
2026-09-09T04:05:35.004957 | 威尼斯 · 每日图集 (2026-09-09) | 素材9张 | 草稿media_id=GuGNpIePMwVvbmuSGKmnoEaJmjthEtUdGUiOo5fGWOGO-6vNasp3w5_ArcRrEO2_
2026-09-09T05:04:50.543723 | 油画 · 每日图集 (2026-09-09) | 素材9张 | 草稿media_id=GuGNpIePMwVvbmuSGKmnoCLET9UEzxYNL0PJaIvRs9K8d3YFCuwWXezsOjFxFrJp
2026-09-09T05:35:26.414509 | 黄山 · 每日图集 (2026-09-09) | 素材9张 | 草稿media_id=GuGNpIePMwVvbmuSGKmnoNIuAGw6I6urw4dvDgEEbEybvYLJDuz6oO3MgvYcTfDZ
2026-09-09T06:05:09.307371 | 稻城亚丁 · 每日图集 (2026-09-09) | 素材9张 | 草稿media_id=GuGNpIePMwVvbmuSGKmnoNFNkxjMTRYdc17xCXulug4QqvZIogpvFhpLaJrDmkAG
2026-09-09T07:05:01.903378 | 西湖 · 每日图集 (2026-09-09) | 素材9张 | 草稿media_id=GuGNpIePMwVvbmuSGKmnoN04qjg5g25drDLOXJQ9I0pmlWmg3tqLwOai3UTlZ7AK
2026-09-09T07:35:21.335976 | 水果 · 每日图集 (2026-09-09) | 素材9张 | 草稿media_id=GuGNpIePMwVvbmuSGKmnoGKzrq9rneBJ_k6qAamwvGI1naYtwKDyk3LEET0mSvcn
2026-09-09T08:05:19.269513 | 故宫 · 每日图集 (2026-09-09) | 素材9张 | 草稿media_id=GuGNpIePMwVvbmuSGKmnoCVjY0g4omQcgcCALfqd2E66vnbQwFUA1IaKvOt6X9OC
2026-09-09T08:35:26.794033 | 阅读 · 每日图集 (2026-09-09) | 素材9张 | 草稿media_id=GuGNpIePMwVvbmuSGKmnoHoxTDENagOTz7K8H9onZAJa9Ik2zNg6vjLTDAlmmUrA
2026-09-09T09:04:51.665255 | 街头涂鸦 · 每日图集 (2026-09-09) | 素材9张 | 草稿media_id=GuGNpIePMwVvbmuSGKmnoB6mWi95yzjeYy5OxvkMFbHmMfs0HqPvYEm_u4jxnktT
2026-09-09T10:36:05.833933 | 长城 · 每日图集 (2026-09-09) | 素材9张 | 草稿media_id=GuGNpIePMwVvbmuSGKmnoJsynibSI4R8FtAPTpyZzwsRvqZc7Nts6B0LhUlwL0YS
2026-09-09T11:05:38.692289 | 雨天街道 · 每日图集 (2026-09-09) | 素材9张 | 草稿media_id=GuGNpIePMwVvbmuSGKmnoHkIMpGOk7xl0oyURScWrnnrbzYaX2pKvmweY_7yd7dQ
2026-09-09T12:05:39.360485 | 沙漠 · 每日图集 (2026-09-09) | 素材3张 | 草稿media_id=GuGNpIePMwVvbmuSGKmnoHMGKt1atBHLUYkxoYMRj8O5tcUVM2fBceYACI72VMVd
2026-09-09T12:35:57.781905 | 轮船 · 每日图集 (2026-09-09) | 素材6张 | 草稿media_id=GuGNpIePMwVvbmuSGKmnoGkIgz1U4-xTxBJ6GdDG2WG0UEdmdQ3Hiy9UO-jc1ldX
2026-09-09T13:06:22.973448 | 高楼窗景 · 每日图集 (2026-09-09) | 素材9张 | 草稿media_id=GuGNpIePMwVvbmuSGKmnoJsXsEAD6w4fB9XknJthPZPTxdNW3ttg1jW2ARfoNgDO
2026-09-09T13:35:30.280393 | 摩索拉斯陵墓 · 每日图集 (2026-09-09) | 素材9张 | 草稿media_id=GuGNpIePMwVvbmuSGKmnoMIY7CpWhdbM8HP0slrJE2M7Ltiy9yo2znMQtNwL3QPd
2026-09-09T14:05:38.954643 | 壁画 · 每日图集 (2026-09-09) | 素材9张 | 草稿media_id=GuGNpIePMwVvbmuSGKmnoJK7ZMaCnmqzmhMuu_hZAPAbUIH7XkmE-5vFzsyezsAh
2026-09-09T14:35:40.026382 | 罗马斗兽场 · 每日图集 (2026-09-09) | 素材9张 | 草稿media_id=GuGNpIePMwVvbmuSGKmnoGhNCjWd6GfOn43lIioenZ0y7t6lMOsbmDiHO28_TJQY
2026-09-09T15:06:04.591583 | 马丘比丘 · 每日图集 (2026-09-09) | 素材9张 | 草稿media_id=GuGNpIePMwVvbmuSGKmnoPiOmmJNbEzWZPdRtJoEwSp9KLSKEeGHgiRBtD4znXPF
2026-09-09T15:35:49.536172 | 大本钟 · 每日图集 (2026-09-09) | 素材9张 | 草稿media_id=GuGNpIePMwVvbmuSGKmnoAYkUi4neT4YRXFmASld4KnvQcAXFtlrrh5miQ3lDBpO
2026-09-09T16:05:39.033568 | 车站 · 每日图集 (2026-09-09) | 素材9张 | 草稿media_id=GuGNpIePMwVvbmuSGKmnoL-YFOxgqngXzNQgF6a9E2BdDiZDG1H7ulY6MvGTsWPZ
2026-09-09T16:36:36.040216 | 猫咪 · 每日图集 (2026-09-09) | 素材9张 | 草稿media_id=GuGNpIePMwVvbmuSGKmnoEm-o65N92-nyRjOwamFOvl0EiiT8kqEDF3c9bxro8f4
2026-09-09T17:05:09.279953 | 灯塔 · 每日图集 (2026-09-09) | 素材9张 | 草稿media_id=GuGNpIePMwVvbmuSGKmnoMf3_Du4epCUl4r3KHTAHCP75N19OW9gFRJrcp0fdmnX
2026-09-09T17:35:44.266762 | 富士山 · 每日图集 (2026-09-09) | 素材9张 | 草稿media_id=GuGNpIePMwVvbmuSGKmnoCChY7bOfhjVNdlAr1DwHnvNkfsgiIm8YZvqiBKid-YP
2026-09-09T18:04:59.394642 | 美食 · 每日图集 (2026-09-09) | 素材9张 | 草稿media_id=GuGNpIePMwVvbmuSGKmnoAidLlcSx5ePfCBabmTagO2qPgNY2HAj6yULcF1HPEPi
2026-09-09T18:35:09.593599 | 艺术 · 每日图集 (2026-09-09) | 素材9张 | 草稿media_id=GuGNpIePMwVvbmuSGKmnoDli5vZPcErpGmwKT-RH-d-62R20tcUhzWjRGlPOzKPu
2026-09-09T19:06:18.414670 | 摩托车 · 每日图集 (2026-09-09) | 素材9张 | 草稿media_id=GuGNpIePMwVvbmuSGKmnoJ4vJjQkjJJbJR495z8erEZ5Hiy0NkttZ1ifHbJWXStt
2026-09-09T19:35:40.465681 | 老虎 · 每日图集 (2026-09-09) | 素材9张 | 草稿media_id=GuGNpIePMwVvbmuSGKmnoOh5phEWIF6rDSvBSyxwlEY_2JkHlwMHH84osxIk5T_o
2026-09-09T20:05:21.110858 | 悉尼歌剧院 · 每日图集 (2026-09-09) | 素材9张 | 草稿media_id=GuGNpIePMwVvbmuSGKmnoCK2gyCMy6CBBl-QP8PeavSst0wYeEDtwsnH8-9QsRBQ
2026-09-09T20:35:34.347826 | 东方明珠 · 每日图集 (2026-09-09) | 素材9张 | 草稿media_id=GuGNpIePMwVvbmuSGKmnoFReS4nv_3rBzawqHR0M69nAbaUMn-of9E_URRCTKwrl
2026-09-09T21:06:27.996814 | 帐篷露营 · 每日图集 (2026-09-09) | 素材9张 | 草稿media_id=GuGNpIePMwVvbmuSGKmnoP7fd96y9USQXgK7s4cjTBbQFZd5zKbtZJWz-Dpuu3-p
2026-09-09T21:36:08.155414 | 科隆大教堂 · 每日图集 (2026-09-09) | 素材9张 | 草稿media_id=GuGNpIePMwVvbmuSGKmnoOnrwI3ncdmZ7FXv3bpx7nG3PPXS2uFxdOeGCWYBNHc7
2026-09-09T22:05:55.609636 | 音乐家 · 每日图集 (2026-09-09) | 素材9张 | 草稿media_id=GuGNpIePMwVvbmuSGKmnoNb8pM8k4MFOOfDMU7KIdH5sprdvlER6UmYovUE_HgJx
2026-09-09T22:35:44.530220 | 桥梁 · 每日图集 (2026-09-09) | 素材9张 | 草稿media_id=GuGNpIePMwVvbmuSGKmnoIuUMmKzAA-P-wqn8Lm9gHgiK39LFeIKve-OGov00sYo
2026-09-09T23:06:39.302103 | 狐狸 · 每日图集 (2026-09-09) | 素材9张 | 草稿media_id=GuGNpIePMwVvbmuSGKmnoDkTYmz8CyXcExvcg_pSTu-w-rwa3RtqAktknnofKrXa
2026-09-09T23:36:28.901923 | 海滩日光浴 · 每日图集 (2026-09-09) | 素材9张 | 草稿media_id=GuGNpIePMwVvbmuSGKmnoCDcNCHrS3GY0pW0wUJiW32NL5I3o6Mum0dVqYu8d_Wu
2026-09-10T00:05:19.933579 | 里约基督像 · 每日图集 (2026-09-10) | 素材9张 | 草稿media_id=GuGNpIePMwVvbmuSGKmnoIM3aDCtxS0_5672SVXJhjoQmVZqDKfvo35yAPBczQBI
2026-09-10T00:36:36.612033 | 帐篷露营 · 每日图集 (2026-09-10) | 素材5张 | 草稿media_id=GuGNpIePMwVvbmuSGKmnoLHWd9qjI_MRaxm_-T0v-g568wcPPzLHAVilEFKiruxW
2026-09-10T01:05:29.818359 | 海豚 · 每日图集 (2026-09-10) | 素材9张 | 草稿media_id=GuGNpIePMwVvbmuSGKmnoHJXMYDL_VhjsEJenbCm3EyqB-CaFcFT5OgyWGFqpa-Y
2026-09-10T02:05:31.544303 | 自行车 · 每日图集 (2026-09-10) | 素材9张 | 草稿media_id=GuGNpIePMwVvbmuSGKmnoDYKq_NmEx5qfKvMdLiOhSfS8Pv0XWf7Iy47uHW152ZD
2026-09-10T02:34:47.367312 | 天文望远镜 · 每日图集 (2026-09-10) | 素材9张 | 草稿media_id=GuGNpIePMwVvbmuSGKmnoGym79CEkCCwQtxVZSCMd2Q9TlYXlDEenumL5igpeqmf
2026-09-10T03:04:52.139902 | 上海陆家嘴 · 每日图集 (2026-09-10) | 素材9张 | 草稿media_id=GuGNpIePMwVvbmuSGKmnoNiOgRKAM2PfbZhRn-ZO0YUfIcC4Zp_wQ5Gc5W_HN7zN
2026-09-10T03:35:18.651232 | 比萨斜塔 · 每日图集 (2026-09-10) | 素材9张 | 草稿media_id=GuGNpIePMwVvbmuSGKmnoFa1RUAwhnaIS9BN6CAOhVqSCGuDIJU-1YtARj8u2SXH
2026-09-10T04:05:31.544138 | 帆船 · 每日图集 (2026-09-10) | 素材9张 | 草稿media_id=GuGNpIePMwVvbmuSGKmnoDIZIVaLmLQP2lAz29vE7SqBCKSzjtbEQYeGDGN7VZRX
2026-09-10T04:35:08.818396 | 夏日 · 每日图集 (2026-09-10) | 素材9张 | 草稿media_id=GuGNpIePMwVvbmuSGKmnoK_Vbf_AO9ATAj-rWr49rj4AnU4Zz-UWnp2WfBGfPzsC
2026-09-10T05:05:08.024213 | 街头涂鸦 · 每日图集 (2026-09-10) | 素材9张 | 草稿media_id=GuGNpIePMwVvbmuSGKmnoEc8yvjZq3nFifz6DMfbrD28l6YwcpC7K8cASooJRN1v
2026-09-10T05:35:34.998731 | 图书馆 · 每日图集 (2026-09-10) | 素材5张 | 草稿media_id=GuGNpIePMwVvbmuSGKmnoAbHeSj4iVm_ikZ6F7q-hYoAR1GbsgFRsiKXVi7VLgkN
2026-09-10T06:05:39.053536 | 城市夜景 · 每日图集 (2026-09-10) | 素材7张 | 草稿media_id=GuGNpIePMwVvbmuSGKmnoEtKEVQHjEiFS_fy8mjovqCibh1ag03afoKpLzcAsmRZ
2026-09-10T06:35:41.271134 | 大海 · 每日图集 (2026-09-10) | 素材8张 | 草稿media_id=GuGNpIePMwVvbmuSGKmnoED3h1RwEdX9T6UXiks1MHHPpXH_GXR_rjGMqKsTq_Th
2026-09-10T07:05:00.528175 | 咖啡 · 每日图集 (2026-09-10) | 素材9张 | 草稿media_id=GuGNpIePMwVvbmuSGKmnoI5vaPXXHv7CQDKsm6OWOfGHZF0Uj-a7ZRMQuisVrL1d
2026-09-10T07:35:03.626788 | 高铁 · 每日图集 (2026-09-10) | 素材9张 | 草稿media_id=GuGNpIePMwVvbmuSGKmnoHz_lYOPXaNLtkwiPb0iVpr0CLDbaqe1vQUjqfFitpk2
2026-09-10T08:35:00.872242 | 熊猫 · 每日图集 (2026-09-10) | 素材9张 | 草稿media_id=GuGNpIePMwVvbmuSGKmnoL5-rt5jYi4KyfAiE2aRMy0KqF9m7_EjIqcsiP_jwLy5
2026-09-10T09:05:29.691772 | 日出 · 每日图集 (2026-09-10) | 素材8张 | 草稿media_id=GuGNpIePMwVvbmuSGKmnoGL8HXVxXqvD1zjOTJUkBcuLZDrocq04tzRUh9Xq_BFn
2026-09-10T09:35:40.345107 | 老虎 · 每日图集 (2026-09-10) | 素材9张 | 草稿media_id=GuGNpIePMwVvbmuSGKmnoO2JHJNmYdF0VIoDDY3y3Lo105JRFiUVwxLD6i9Y9Bfv
2026-09-10T10:05:52.919042 | 湖泊 · 每日图集 (2026-09-10) | 素材7张 | 草稿media_id=GuGNpIePMwVvbmuSGKmnoNhXhWguVMbw2ciK5lsvcomZZ7ZjETOSyEHv8QpQkW2H
2026-09-10T10:35:54.392711 | 喀纳斯 · 每日图集 (2026-09-10) | 素材5张 | 草稿media_id=GuGNpIePMwVvbmuSGKmnoBaw80KC947wS7Uu8zeQGJAJ63wFcLLanA8aamgPZhOQ
2026-09-10T11:35:05.838007 | 老手艺匠人 · 每日图集 (2026-09-10) | 素材9张 | 草稿media_id=GuGNpIePMwVvbmuSGKmnoDo3ZMioKwSWHyxd4L0e0KnAOp1y0T8ysDso_01vC6Vd
2026-09-10T12:05:09.978915 | 滑雪 · 每日图集 (2026-09-10) | 素材9张 | 草稿media_id=GuGNpIePMwVvbmuSGKmnoEV2i6tvZltTHXjr3UexXkslny54VQhnuxD1HXwgE9Eo
2026-09-10T13:35:40.368878 | 车站 · 每日图集 (2026-09-10) | 素材9张 | 草稿media_id=GuGNpIePMwVvbmuSGKmnoF_YvApgDtEu1dGEEmuOHrP4IbVreJ_h_fgbhfNWHLQk
2026-09-10T14:06:40.654777 | 花朵 · 每日图集 (2026-09-10) | 素材9张 | 草稿media_id=GuGNpIePMwVvbmuSGKmnoM85ppX-xfmyUvKYj69UrtqN7ZlJ7CZOjewvdbLTINCf
2026-09-10T14:35:43.551818 | 稻城亚丁 · 每日图集 (2026-09-10) | 素材9张 | 草稿media_id=GuGNpIePMwVvbmuSGKmnoKUor1k899D7205sxEUPecxWgPmBqEuBoC0az1Py-ald
2026-09-10T15:05:34.831401 | 九寨沟 · 每日图集 (2026-09-10) | 素材9张 | 草稿media_id=GuGNpIePMwVvbmuSGKmnoDiRiNvHg-cobL3BZ6UDbO7tbV8iOdBxojqsbR9LWKzM
2026-09-10T15:35:53.459052 | 猴子 · 每日图集 (2026-09-10) | 素材4张 | 草稿media_id=GuGNpIePMwVvbmuSGKmnoHt0VSVTqF86CgdYAyGb_1ly7FOI21t0EA_aFItRkw47
2026-09-10T16:06:00.833855 | 教堂 · 每日图集 (2026-09-10) | 素材9张 | 草稿media_id=GuGNpIePMwVvbmuSGKmnoBSp252MBQU0J8s75iL4c00OolYFUtWXuBBeVZPeT3AW
2026-09-10T16:35:32.287333 | 圣托里尼 · 每日图集 (2026-09-10) | 素材9张 | 草稿media_id=GuGNpIePMwVvbmuSGKmnoB4hiyvIsUOLLjar_--eV2wYeZWMZnGdTF03MJKmCsBj
2026-09-10T17:06:35.698044 | 星空 · 每日图集 (2026-09-10) | 素材9张 | 草稿media_id=GuGNpIePMwVvbmuSGKmnoJHh3uDV-t869obwMgQJQ86a6f5URpqPSZstDBtm2Rh6
2026-09-10T17:35:22.594346 | 卡车 · 每日图集 (2026-09-10) | 素材9张 | 草稿media_id=GuGNpIePMwVvbmuSGKmnoNm7aILbyQo9ZAJegZScUsvnlJTy-3HT8xZyX2Igd1Tb
2026-09-10T18:05:36.923829 | 直升机 · 每日图集 (2026-09-10) | 素材9张 | 草稿media_id=GuGNpIePMwVvbmuSGKmnoEYTN6s5XAes25oX7J_vNZoxuRW0x59vR21UNl4ujEzb
2026-09-10T18:35:35.432474 | 鸟类 · 每日图集 (2026-09-10) | 素材9张 | 草稿media_id=GuGNpIePMwVvbmuSGKmnoAwuUAk09rlUoDct6O5tFXfc4AiM6pmr0e_sfDaHv_nd
2026-09-10T19:05:40.442088 | 艺术 · 每日图集 (2026-09-10) | 素材9张 | 草稿media_id=GuGNpIePMwVvbmuSGKmnoN21i9wEKK7yBbIRdZ1T7KEh9bgaC3q09gfZekT0VJJ5
2026-09-10T19:36:03.953331 | 火车 · 每日图集 (2026-09-10) | 素材3张 | 草稿media_id=GuGNpIePMwVvbmuSGKmnoBOCrI1MlRCZAcWokkw_mMOgLJzKHNrt7VXKFJOHuLgC
2026-09-10T20:06:14.101390 | 水乡古镇 · 每日图集 (2026-09-10) | 素材4张 | 草稿media_id=GuGNpIePMwVvbmuSGKmnoCo_jGGluay29ovql7cxoZTMseTLlyMZ-YtCLl1qLVrM
2026-09-10T20:36:16.802108 | 鲸鱼 · 每日图集 (2026-09-10) | 素材3张 | 草稿media_id=GuGNpIePMwVvbmuSGKmnoN3xyo2nouMPAiueLIsW78mHrVMQtSg7mFj_rtIODotm
2026-09-10T21:06:44.816244 | 布达拉宫 · 每日图集 (2026-09-10) | 素材9张 | 草稿media_id=GuGNpIePMwVvbmuSGKmnoNEWyXoIFfp1dB-6PaCePX5Mmyl4yRCv_UWLSR9hfiE4
2026-09-10T21:35:54.200862 | 悉尼歌剧院 · 每日图集 (2026-09-10) | 素材9张 | 草稿media_id=GuGNpIePMwVvbmuSGKmnoB8RMXgjizx1Z2l4hMZtfd7ZEde-EXraSoNjDKJBz1Ny
2026-09-10T22:05:54.870436 | 圣家堂 · 每日图集 (2026-09-10) | 素材9张 | 草稿media_id=GuGNpIePMwVvbmuSGKmnoJsrWiJgoYHoVk-lulXmP2UsouzJ00zjAk4N9ek1KQ1I
2026-09-10T22:35:12.910603 | 外滩 · 每日图集 (2026-09-10) | 素材9张 | 草稿media_id=GuGNpIePMwVvbmuSGKmnoBN1QKRal6GwP9MfCMkbSwohPrbKj2cOEdT-tCGsjBlJ
2026-09-10T23:05:58.578727 | 自由女神 · 每日图集 (2026-09-10) | 素材9张 | 草稿media_id=GuGNpIePMwVvbmuSGKmnoKCgVh38cSzk3j7BKAbYSFh_bp0l-mGlJRtDYKmGLbfL
2026-09-10T23:36:33.861996 | 羊驼 · 每日图集 (2026-09-10) | 素材8张 | 草稿media_id=GuGNpIePMwVvbmuSGKmnoNDrxu8OahvM72lBECnpodtf7WH4wUBBPxPcNH0QzTW7
2026-09-11T00:35:53.691078 | 海滩日光浴 · 每日图集 (2026-09-11) | 素材4张 | 草稿media_id=GuGNpIePMwVvbmuSGKmnoCNHpQ_mSw17azS384lnEDawaJwNriVZlvb1b3p1cnlB
2026-09-11T01:05:45.581106 | 比萨斜塔 · 每日图集 (2026-09-11) | 素材9张 | 草稿media_id=GuGNpIePMwVvbmuSGKmnoMv5wOefVn-1LUU6HaGJ6TaVtBotXzY20h05W1AJeQ8u
2026-09-11T01:35:21.322719 | 上海陆家嘴 · 每日图集 (2026-09-11) | 素材9张 | 草稿media_id=GuGNpIePMwVvbmuSGKmnoOBFSQx09LDytrCSgvPg_3B9SuGY5tvmRbG_nlIoLIyZ
2026-09-11T02:04:49.820891 | 驯鹿 · 每日图集 (2026-09-11) | 素材9张 | 草稿media_id=GuGNpIePMwVvbmuSGKmnoJsGmfm7QkeHrqzeSayZo2OCIPSQEDS_fmTo27W9CS4b
2026-09-11T02:34:46.646882 | 雕塑 · 每日图集 (2026-09-11) | 素材9张 | 草稿media_id=GuGNpIePMwVvbmuSGKmnoMQwMAWiA4l-XyT5CR3jFeWhazGJiA59yzbZaCk8WzZy
2026-09-11T03:04:54.190728 | 大峡谷 · 每日图集 (2026-09-11) | 素材9张 | 草稿media_id=GuGNpIePMwVvbmuSGKmnoMiOjd7NaFv598IxuTDGBDLsVMjV1n0OqGIZy7wMYdEE
2026-09-11T03:35:21.204018 | 街头涂鸦 · 每日图集 (2026-09-11) | 素材9张 | 草稿media_id=GuGNpIePMwVvbmuSGKmnoIXopG1t3z0a5omssUH3z6yJF8ue79ZwpKjVri3EV2uY
2026-09-11T04:04:47.183406 | 茶点 · 每日图集 (2026-09-11) | 素材9张 | 草稿media_id=GuGNpIePMwVvbmuSGKmnoJErEj3qE0Mduf3hGh7PlCCSEFbUn33qkCZaKJITfLj8
2026-09-11T04:35:00.302597 | 巴厘岛 · 每日图集 (2026-09-11) | 素材9张 | 草稿media_id=GuGNpIePMwVvbmuSGKmnoBW_Jxfh9HTXXWDTpi5mOaEvVnjqy05XDqkGX8Noqbmy
2026-09-11T05:04:47.501945 | 画家创作 · 每日图集 (2026-09-11) | 素材9张 | 草稿media_id=GuGNpIePMwVvbmuSGKmnoA1SN12UUDaMA6KXD1Ymh0utaoOAv2S6PmEIekenBZ6p
2026-09-11T05:34:52.236030 | 华山 · 每日图集 (2026-09-11) | 素材9张 | 草稿media_id=GuGNpIePMwVvbmuSGKmnoAzT41FQvPGddIPp0gBoE62lKxwAwQ_HNleD30nxHfAb
2026-09-11T06:35:15.906985 | 直升机 · 每日图集 (2026-09-11) | 素材6张 | 草稿media_id=GuGNpIePMwVvbmuSGKmnoPxf_C-2DHRR6BovEFNWwNEFfViONyz57HW2xbACbkft
2026-09-11T07:05:21.383935 | 西湖 · 每日图集 (2026-09-11) | 素材9张 | 草稿media_id=GuGNpIePMwVvbmuSGKmnoE9WqdDIAygn-_Mh_Hn9iswToMGucdk2aKiiL6TPZs7w
2026-09-11T08:05:26.713210 | 音乐家 · 每日图集 (2026-09-11) | 素材9张 | 草稿media_id=GuGNpIePMwVvbmuSGKmnoAoG1vPdF8fENi3P5Xih2Va0BpG-ESddR2MFB02frg5x
2026-09-11T08:34:54.473606 | 抽象画 · 每日图集 (2026-09-11) | 素材9张 | 草稿media_id=GuGNpIePMwVvbmuSGKmnoJ40yASXbmBgZykU3g3TmhcP1Z3n1FQsoCDsnOKk4yaT
2026-09-11T09:04:58.508300 | 窑洞 · 每日图集 (2026-09-11) | 素材9张 | 草稿media_id=GuGNpIePMwVvbmuSGKmnoCDcYeoUgv_QAZSTkLTFyqddtUkRftB3lksl4sWGl28Z
2026-09-11T09:34:54.791820 | 客家土楼 · 每日图集 (2026-09-11) | 素材9张 | 草稿media_id=GuGNpIePMwVvbmuSGKmnoLtgORuNMvlMI7Fat0cyZCUaBBdIJvm2HSEq9dPMZwHU
2026-09-11T10:05:27.302052 | 高铁 · 每日图集 (2026-09-11) | 素材9张 | 草稿media_id=GuGNpIePMwVvbmuSGKmnoKhMrpn8h_fMsJVrKGNJiqteV7kfkX7DWWogPT6BnXzm
2026-09-11T10:35:29.858835 | 马 · 每日图集 (2026-09-11) | 素材9张 | 草稿media_id=GuGNpIePMwVvbmuSGKmnoJ7aUck-N8nZknQaowQuilcOtsxw660X1oig-RDBZI-f
2026-09-11T11:04:46.285478 | 陶艺工坊 · 每日图集 (2026-09-11) | 素材9张 | 草稿media_id=GuGNpIePMwVvbmuSGKmnoL4vGSIPO2Rfff9OqDsv8ndSkhPlW_F-tREmLG3djHCd
2026-09-11T11:35:21.371344 | 雪鸮 · 每日图集 (2026-09-11) | 素材9张 | 草稿media_id=GuGNpIePMwVvbmuSGKmnoLnpo4faaxMU09wOGWEKWk3uDhPZnK2w1-b-6O8abU-D
2026-09-11T12:05:48.193239 | 猫咪 · 每日图集 (2026-09-11) | 素材9张 | 草稿media_id=GuGNpIePMwVvbmuSGKmnoA2AP-PseBY8z32Jyf1EOj85gS4iW1Pa01nnPrdOaH73
2026-09-11T12:35:04.073070 | 峡谷 · 每日图集 (2026-09-11) | 素材9张 | 草稿media_id=GuGNpIePMwVvbmuSGKmnoNHbYy5xmKGrOtslLZEkJPw4UrB9ltOL0Mk9VdpYvsM_
2026-09-11T13:05:01.736785 | 传统服饰 · 每日图集 (2026-09-11) | 素材9张 | 草稿media_id=GuGNpIePMwVvbmuSGKmnoHyDwB0YCiU7Q4fkjzT-zwBgh8DZuoaqJUISJFw8dPyu
2026-09-11T13:35:39.104907 | 黄昏 · 每日图集 (2026-09-11) | 素材4张 | 草稿media_id=GuGNpIePMwVvbmuSGKmnoLsYbKx2lDRYlsG9QDNlNLI_vuxeaDknaOlwe42akKYK
2026-09-11T14:05:02.366744 | 阿尔卑斯山 · 每日图集 (2026-09-11) | 素材9张 | 草稿media_id=GuGNpIePMwVvbmuSGKmnoCTZ-7a0pUxLg9ZT9gW5_TuOTytxvvjnP0MB_alyI7Yh
2026-09-11T14:35:27.479123 | 广州塔 · 每日图集 (2026-09-11) | 素材9张 | 草稿media_id=GuGNpIePMwVvbmuSGKmnoCV3HQx5OHCF5r_L2V37NjesmcDSIDjQfSrvPlzFWBGk
2026-09-11T15:04:57.224746 | 峨眉山 · 每日图集 (2026-09-11) | 素材9张 | 草稿media_id=GuGNpIePMwVvbmuSGKmnoJINjiRuR5VTB4qHAiGSYJEYaaYiEjw2CvmeusLUswDE
2026-09-11T15:35:28.830392 | 云南洱海 · 每日图集 (2026-09-11) | 素材9张 | 草稿media_id=GuGNpIePMwVvbmuSGKmnoArOL_NJaB0XQ5xtDvFeMLjpwbiHN8_hHTTd6DNT4JEW
2026-09-11T16:06:10.298495 | 稻城亚丁 · 每日图集 (2026-09-11) | 素材9张 | 草稿media_id=GuGNpIePMwVvbmuSGKmnoFtqua6RiNGLOcCKaoxmbVxRV68AQsb6NfHP71Ia6R-m
2026-09-11T16:35:16.213557 | 天文望远镜 · 每日图集 (2026-09-11) | 素材9张 | 草稿media_id=GuGNpIePMwVvbmuSGKmnoHD7CZawgJa2RNEZUSUYldXn6f7_AUjAuvaPlNA_JR-m
2026-09-11T17:05:58.537534 | 教堂 · 每日图集 (2026-09-11) | 素材9张 | 草稿media_id=GuGNpIePMwVvbmuSGKmnoM6wgr5_5Vm9aXAGzss_FDPZz6w6p1aF6RvOZDEj_NjN
2026-09-11T17:35:13.521617 | 集市 · 每日图集 (2026-09-11) | 素材9张 | 草稿media_id=GuGNpIePMwVvbmuSGKmnoAO7pRPq8qFYzWkSlO5NDyDEN1okIlE1my0zg03ibQXV
2026-09-11T18:04:47.983067 | 面食 · 每日图集 (2026-09-11) | 素材9张 | 草稿media_id=GuGNpIePMwVvbmuSGKmnoNqtRFvpzrZFpsjNr_hCancZGMrg0uLJeZi_9AcDd4fI
2026-09-11T18:18:11.129998 | 木工坊 · 每日图集 (2026-09-11) | 素材9张 | 草稿media_id=GuGNpIePMwVvbmuSGKmnoCXGz9RTdLjfKE9aETiURCLkOnlvYcUpWtjjWXaFPnxZ
2026-09-11T18:34:54.128899 | 红毯盛典 · 每日图集 (2026-09-11) | 素材9张 | 草稿media_id=GuGNpIePMwVvbmuSGKmnoN7OUOpSOK7aIGozCvdMW9FqLQRmrlNIAL9jsSv0z1pQ
2026-09-11T19:04:58.935534 | 阿姆斯特丹运河 · 每日图集 (2026-09-11) | 素材9张 | 草稿media_id=GuGNpIePMwVvbmuSGKmnoKDtAvyijiHgJ3_vKK4OLATKtN1SXR_SKRRqzOgYuDW3
2026-09-11T19:34:50.408471 | 建筑速写 · 每日图集 (2026-09-11) | 素材9张 | 草稿media_id=GuGNpIePMwVvbmuSGKmnoN0bn57jYS96y0nuoCsixoC5B00L7Y9wivnY9vb2m5y5
2026-09-11T20:05:03.259601 | 晨跑 · 每日图集 (2026-09-11) | 素材9张 | 草稿media_id=GuGNpIePMwVvbmuSGKmnoIfNvQgW1C3Hy8ie6QlJgCH4F2vlBSwselgbEqaj4NwS
2026-09-11T20:34:59.458755 | 风车 · 每日图集 (2026-09-11) | 素材9张 | 草稿media_id=GuGNpIePMwVvbmuSGKmnoNpL4MagM6s0A4cTpGxDuucFsA_4OmPG7UD8yHBkRBiy
2026-09-11T21:05:01.516085 | 土耳其热气球 · 每日图集 (2026-09-11) | 素材9张 | 草稿media_id=GuGNpIePMwVvbmuSGKmnoPWmcc0oxHDpdEKRIafwvdXOkR8hSqetcQpdWzHU9QAQ
2026-09-11T21:34:51.246805 | 猫头鹰 · 每日图集 (2026-09-11) | 素材9张 | 草稿media_id=GuGNpIePMwVvbmuSGKmnoJdHDIo4VS_VIQbAnDjORDd1_88oKRUvhBYNbkr2YYrm
2026-09-11T22:05:01.547790 | 徽派民居 · 每日图集 (2026-09-11) | 素材9张 | 草稿media_id=GuGNpIePMwVvbmuSGKmnoFnGwmyTsVAvvGS-NRQjhuRY7RnTR_tUYYtBTZOfvXBp
2026-09-11T22:35:03.918807 | 日月潭 · 每日图集 (2026-09-11) | 素材9张 | 草稿media_id=GuGNpIePMwVvbmuSGKmnoK3t6irXFuLwYP8IWYOHJ01nTQOg-aeNGGDqZJNZcKph
2026-09-11T23:05:16.477620 | 平遥古城 · 每日图集 (2026-09-11) | 素材9张 | 草稿media_id=GuGNpIePMwVvbmuSGKmnoIVUVhcFD1-R_6OupndxvWp3rOxjJ0FZEuFesQX1K5x-
2026-09-11T23:35:10.138458 | 雾凇 · 每日图集 (2026-09-11) | 素材9张 | 草稿media_id=GuGNpIePMwVvbmuSGKmnoLfNlEmm61tKIOzxM9fF2gAVDIrLFSIxvahd7YNbwmle
2026-09-12T00:05:10.573640 | 考拉 · 每日图集 (2026-09-12) | 素材9张 | 草稿media_id=GuGNpIePMwVvbmuSGKmnoKgx5lsyfqyGxcm5AVN2e_INxWqzeCcfS3W83fOoRSG6
2026-09-12T00:35:46.434841 | 咖啡 · 每日图集 (2026-09-12) | 素材9张 | 草稿media_id=GuGNpIePMwVvbmuSGKmnoDhH3Iw6eUynPzUTYxcFO75e8ATRMm1yQdIsqsqB4dJM
2026-09-12T01:35:03.193957 | 建筑速写 · 每日图集 (2026-09-12) | 素材9张 | 草稿media_id=GuGNpIePMwVvbmuSGKmnoIZWj5gGhuHbj0JuKRe3VGc52JHDsw8uYfPxvbjVx9VT
